Archive member included to satisfy reference by file (symbol)

build/cooja/contiki-ng-cooja.a(simEnvChange.o)
                              build/cooja/mtype227498609.o (simDontFallAsleep)
build/cooja/contiki-ng-cooja.a(cooja_mt.o)
                              build/cooja/mtype227498609.o (cooja_mt_start)
build/cooja/contiki-ng-cooja.a(cooja_mtarch.o)
                              build/cooja/contiki-ng-cooja.a(cooja_mt.o) (cooja_mtarch_start)
build/cooja/contiki-ng-cooja.a(rtimer-arch.o)
                              build/cooja/mtype227498609.o (rtimer_arch_check)
build/cooja/contiki-ng-cooja.a(beep.o)
                              build/cooja/mtype227498609.o (beep_interface)
build/cooja/contiki-ng-cooja.a(leds-arch.o)
                              build/cooja/mtype227498609.o (leds_interface)
build/cooja/contiki-ng-cooja.a(moteid.o)
                              build/cooja/mtype227498609.o (moteid_interface)
build/cooja/contiki-ng-cooja.a(pir-sensor.o)
                              build/cooja/mtype227498609.o (pir_interface)
build/cooja/contiki-ng-cooja.a(rs232.o)
                              build/cooja/mtype227498609.o (rs232_interface)
build/cooja/contiki-ng-cooja.a(vib-sensor.o)
                              build/cooja/mtype227498609.o (vib_interface)
build/cooja/contiki-ng-cooja.a(clock.o)
                              build/cooja/mtype227498609.o (clock_interface)
build/cooja/contiki-ng-cooja.a(cooja-log.o)
                              build/cooja/mtype227498609.o (simlog_interface)
build/cooja/contiki-ng-cooja.a(cfs-cooja.o)
                              build/cooja/mtype227498609.o (cfs_interface)
build/cooja/contiki-ng-cooja.a(cooja-radio.o)
                              build/cooja/mtype227498609.o (radio_interface)
build/cooja/contiki-ng-cooja.a(eeprom.o)
                              build/cooja/mtype227498609.o (eeprom_interface)
build/cooja/contiki-ng-cooja.a(random.o)
                              build/cooja/contiki-ng-cooja.a(moteid.o) (random_init)
build/cooja/contiki-ng-cooja.a(sensors.o)
                              build/cooja/contiki-ng-cooja.a(pir-sensor.o) (sensors_changed)
build/cooja/contiki-ng-cooja.a(leds.o)
                              build/cooja/contiki-ng-cooja.a(leds-arch.o) (leds_get)
build/cooja/contiki-ng-cooja.a(gpio-hal-arch.o)
                              build/cooja/contiki-ng-cooja.a(leds-arch.o) (gpio_hal_arch_register_pin_callback)
build/cooja/contiki-ng-cooja.a(buttons.o)
                              build/cooja/mtype227498609.o (button_interface)
build/cooja/contiki-ng-cooja.a(mqtt.o)
                              tpSensors.o (mqtt_register)
build/cooja/contiki-ng-cooja.a(contiki-main.o)
                              build/cooja/mtype227498609.o (main)
build/cooja/contiki-ng-cooja.a(autostart.o)
                              build/cooja/contiki-ng-cooja.a(contiki-main.o) (autostart_start)
build/cooja/contiki-ng-cooja.a(ctimer.o)
                              build/cooja/contiki-ng-cooja.a(contiki-main.o) (ctimer_init)
build/cooja/contiki-ng-cooja.a(energest.o)
                              build/cooja/contiki-ng-cooja.a(contiki-main.o) (energest_init)
build/cooja/contiki-ng-cooja.a(etimer.o)
                              build/cooja/contiki-ng-cooja.a(contiki-main.o) (etimer_process)
build/cooja/contiki-ng-cooja.a(log.o)
                              build/cooja/contiki-ng-cooja.a(contiki-main.o) (curr_log_level_main)
build/cooja/contiki-ng-cooja.a(node-id.o)
                              build/cooja/contiki-ng-cooja.a(contiki-main.o) (node_id)
build/cooja/contiki-ng-cooja.a(process.o)
                              build/cooja/contiki-ng-cooja.a(mqtt.o) (process_current)
build/cooja/contiki-ng-cooja.a(rtimer.o)
                              build/cooja/contiki-ng-cooja.a(contiki-main.o) (rtimer_init)
build/cooja/contiki-ng-cooja.a(timer.o)
                              build/cooja/contiki-ng-cooja.a(mqtt.o) (timer_set)
build/cooja/contiki-ng-cooja.a(list.o)
                              build/cooja/contiki-ng-cooja.a(mqtt.o) (list_init)
build/cooja/contiki-ng-cooja.a(button-hal.o)
                              tpSensors.o (button_hal_get_by_index)
build/cooja/contiki-ng-cooja.a(gpio-hal.o)
                              build/cooja/contiki-ng-cooja.a(button-hal.o) (gpio_hal_register_handler)
build/cooja/contiki-ng-cooja.a(serial-line.o)
                              build/cooja/contiki-ng-cooja.a(rs232.o) (serial_line_input_byte)
build/cooja/contiki-ng-cooja.a(linkaddr.o)
                              tpSensors.o (linkaddr_node_addr)
build/cooja/contiki-ng-cooja.a(netstack.o)
                              build/cooja/contiki-ng-cooja.a(contiki-main.o) (netstack_init)
build/cooja/contiki-ng-cooja.a(packetbuf.o)
                              build/cooja/contiki-ng-cooja.a(cooja-radio.o) (packetbuf_clear)
build/cooja/contiki-ng-cooja.a(queuebuf.o)
                              build/cooja/contiki-ng-cooja.a(contiki-main.o) (queuebuf_init)
[...]
Memory Configuration

Name             Origin             Length             Attributes
*default*        0x0000000000000000 0xffffffffffffffff

Linker script and memory map

LOAD /usr/lib/gcc/x86_64-linux-gnu/11/../../../x86_64-linux-gnu/crti.o
LOAD /usr/lib/gcc/x86_64-linux-gnu/11/crtbeginS.o
LOAD tpSensors.o
LOAD build/cooja/mtype227498609.o
LOAD build/cooja/contiki-ng-cooja.a
LOAD /usr/lib/gcc/x86_64-linux-gnu/11/libgcc.a
LOAD /usr/lib/gcc/x86_64-linux-gnu/11/libgcc_s.so
START GROUP
LOAD /usr/lib/gcc/x86_64-linux-gnu/11/../../../x86_64-linux-gnu/libgcc_s.so.1
LOAD /usr/lib/gcc/x86_64-linux-gnu/11/libgcc.a
END GROUP
LOAD /usr/lib/gcc/x86_64-linux-gnu/11/../../../x86_64-linux-gnu/libc.so
START GROUP
LOAD /lib/x86_64-linux-gnu/libc.so.6
LOAD /usr/lib/x86_64-linux-gnu/libc_nonshared.a
LOAD /lib64/ld-linux-x86-64.so.2
END GROUP
LOAD /usr/lib/gcc/x86_64-linux-gnu/11/libgcc.a
LOAD /usr/lib/gcc/x86_64-linux-gnu/11/libgcc_s.so
START GROUP
LOAD /usr/lib/gcc/x86_64-linux-gnu/11/../../../x86_64-linux-gnu/libgcc_s.so.1
LOAD /usr/lib/gcc/x86_64-linux-gnu/11/libgcc.a
END GROUP
LOAD /usr/lib/gcc/x86_64-linux-gnu/11/crtendS.o
LOAD /usr/lib/gcc/x86_64-linux-gnu/11/../../../x86_64-linux-gnu/crtn.o
                0x00000000000002a8                . = (SEGMENT_START ("text-segment", 0x0) + SIZEOF_HEADERS)

.note.gnu.property
                0x00000000000002a8       0x20
 .note.gnu.property
                0x00000000000002a8       0x20 /usr/lib/gcc/x86_64-linux-gnu/11/../../../x86_64-linux-gnu/crti.o

.note.gnu.build-id
                0x00000000000002c8       0x24
 *(.note.gnu.build-id)
 .note.gnu.build-id
                0x00000000000002c8       0x24 /usr/lib/gcc/x86_64-linux-gnu/11/../../../x86_64-linux-gnu/crti.o

.hash
 *(.hash)

.gnu.hash       0x00000000000002f0     0x14c4
 *(.gnu.hash)
 .gnu.hash      0x00000000000002f0     0x14c4 /usr/lib/gcc/x86_64-linux-gnu/11/../../../x86_64-linux-gnu/crti.o

.dynsym         0x00000000000017b8     0x40e0
 *(.dynsym)
 .dynsym        0x00000000000017b8     0x40e0 /usr/lib/gcc/x86_64-linux-gnu/11/../../../x86_64-linux-gnu/crti.o

.dynstr         0x0000000000005898     0x30c5
 *(.dynstr)
 .dynstr        0x0000000000005898     0x30c5 /usr/lib/gcc/x86_64-linux-gnu/11/../../../x86_64-linux-gnu/crti.o

.gnu.version    0x000000000000895e      0x568
 *(.gnu.version)
 .gnu.version   0x000000000000895e      0x568 /usr/lib/gcc/x86_64-linux-gnu/11/../../../x86_64-linux-gnu/crti.o

.gnu.version_d  0x0000000000008ec8        0x0
 *(.gnu.version_d)
 .gnu.version_d
                0x0000000000008ec8        0x0 /usr/lib/gcc/x86_64-linux-gnu/11/../../../x86_64-linux-gnu/crti.o

.gnu.version_r  0x0000000000008ec8       0x40
 *(.gnu.version_r)
 .gnu.version_r
                0x0000000000008ec8       0x40 /usr/lib/gcc/x86_64-linux-gnu/11/../../../x86_64-linux-gnu/crti.o

.rela.dyn       0x0000000000008f08     0x1f20
 *(.rela.init)
 *(.rela.text .rela.text.* .rela.gnu.linkonce.t.*)
 .rela.text     0x0000000000008f08        0x0 /usr/lib/gcc/x86_64-linux-gnu/11/../../../x86_64-linux-gnu/crti.o
 *(.rela.fini)
 *(.rela.rodata .rela.rodata.* .rela.gnu.linkonce.r.*)
 *(.rela.data .rela.data.* .rela.gnu.linkonce.d.*)
 .rela.data.rel.local
                0x0000000000008f08      0x720 /usr/lib/gcc/x86_64-linux-gnu/11/../../../x86_64-linux-gnu/crti.o
 .rela.data.rel.ro
                0x0000000000009628      0x288 /usr/lib/gcc/x86_64-linux-gnu/11/../../../x86_64-linux-gnu/crti.o
 .rela.data.rel
                0x00000000000098b0      0x3a8 /usr/lib/gcc/x86_64-linux-gnu/11/../../../x86_64-linux-gnu/crti.o
 .rela.data.rel.ro.local
                0x0000000000009c58      0x5a0 /usr/lib/gcc/x86_64-linux-gnu/11/../../../x86_64-linux-gnu/crti.o
 *(.rela.tdata .rela.tdata.* .rela.gnu.linkonce.td.*)
 *(.rela.tbss .rela.tbss.* .rela.gnu.linkonce.tb.*)
 *(.rela.ctors)
 *(.rela.dtors)
 *(.rela.got)
 .rela.got      0x000000000000a1f8      0xc00 /usr/lib/gcc/x86_64-linux-gnu/11/../../../x86_64-linux-gnu/crti.o
 *(.rela.bss .rela.bss.* .rela.gnu.linkonce.b.*)
 *(.rela.ldata .rela.ldata.* .rela.gnu.linkonce.l.*)
 *(.rela.lbss .rela.lbss.* .rela.gnu.linkonce.lb.*)
 *(.rela.lrodata .rela.lrodata.* .rela.gnu.linkonce.lr.*)
 *(.rela.ifunc)
 .rela.ifunc    0x000000000000adf8        0x0 /usr/lib/gcc/x86_64-linux-gnu/11/../../../x86_64-linux-gnu/crti.o
 .rela.fini_array
                0x000000000000adf8       0x18 /usr/lib/gcc/x86_64-linux-gnu/11/../../../x86_64-linux-gnu/crti.o
 .rela.init_array
                0x000000000000ae10       0x18 /usr/lib/gcc/x86_64-linux-gnu/11/../../../x86_64-linux-gnu/crti.o

.rela.plt       0x000000000000ae28     0x2310
 *(.rela.plt)
 .rela.plt      0x000000000000ae28     0x2310 /usr/lib/gcc/x86_64-linux-gnu/11/../../../x86_64-linux-gnu/crti.o
 *(.rela.iplt)

.relr.dyn
 *(.relr.dyn)
                0x000000000000e000                . = ALIGN (CONSTANT (MAXPAGESIZE))

.init           0x000000000000e000       0x1b
 *(SORT_NONE(.init))
 .init          0x000000000000e000       0x16 /usr/lib/gcc/x86_64-linux-gnu/11/../../../x86_64-linux-gnu/crti.o
                0x000000000000e000                _init
 .init          0x000000000000e016        0x5 /usr/lib/gcc/x86_64-linux-gnu/11/../../../x86_64-linux-gnu/crtn.o

.plt            0x000000000000e020     0x1770
 *(.plt)
 .plt           0x000000000000e020     0x1770 /usr/lib/gcc/x86_64-linux-gnu/11/../../../x86_64-linux-gnu/crti.o
 *(.iplt)

.plt.got        0x000000000000f790       0x30
 *(.plt.got)
 .plt.got       0x000000000000f790       0x30 /usr/lib/gcc/x86_64-linux-gnu/11/../../../x86_64-linux-gnu/crti.o

.plt.sec        0x000000000000f7c0     0x1760
 *(.plt.sec)
 .plt.sec       0x000000000000f7c0     0x1760 /usr/lib/gcc/x86_64-linux-gnu/11/../../../x86_64-linux-gnu/crti.o

.text           0x0000000000010f20    0x21be8
 *(.text.unlikely .text.*_unlikely .text.unlikely.*)
 *(.text.exit .text.exit.*)
 *(.text.startup .text.startup.*)
 *(.text.hot .text.hot.*)
 *(SORT_BY_NAME(.text.sorted.*))
 *(.text .stub .text.* .gnu.linkonce.t.*)
 .text          0x0000000000010f20        0x0 /usr/lib/gcc/x86_64-linux-gnu/11/../../../x86_64-linux-gnu/crti.o
 .text          0x0000000000010f20       0xb9 /usr/lib/gcc/x86_64-linux-gnu/11/crtbeginS.o
 .text          0x0000000000010fd9      0xd65 tpSensors.o
 .text          0x0000000000011d3e      0x374 build/cooja/mtype227498609.o
                0x0000000000011df4                platform_init_stage_one
                0x0000000000011e09                platform_init_stage_two
                0x0000000000011e1e                platform_init_stage_three
                0x0000000000011e33                platform_main_loop
                0x0000000000011ecd                JNI_OnLoad
                0x0000000000011ee4                Java_org_contikios_cooja_corecomm_Lib2_init
                0x0000000000011f37                Java_org_contikios_cooja_corecomm_Lib2_getMemory
                0x0000000000011f96                Java_org_contikios_cooja_corecomm_Lib2_setMemory
                0x0000000000011ff5                Java_org_contikios_cooja_corecomm_Lib2_tick
                0x0000000000012083                Java_org_contikios_cooja_corecomm_Lib2_setReferenceAddress
 .text          0x00000000000120b2       0x93 build/cooja/contiki-ng-cooja.a(simEnvChange.o)
                0x00000000000120b2                doActionsBeforeTick
                0x00000000000120fb                doActionsAfterTick
 .text          0x0000000000012145       0xab build/cooja/contiki-ng-cooja.a(cooja_mt.o)
                0x0000000000012145                cooja_mt_start
                0x0000000000012185                cooja_mt_exec
                0x00000000000121c8                cooja_mt_yield
 .text          0x00000000000121f0      0x10e build/cooja/contiki-ng-cooja.a(cooja_mtarch.o)
                0x00000000000121f0                cooja_mtarch_start
                0x0000000000012293                cooja_sw
                0x00000000000122c0                cooja_mtarch_exec
                0x00000000000122ee                cooja_mtarch_yield
 .text          0x00000000000122fe       0xcc build/cooja/contiki-ng-cooja.a(rtimer-arch.o)
                0x00000000000122fe                rtimer_arch_init
                0x0000000000012324                rtimer_arch_schedule
                0x000000000001234e                rtimer_arch_next
                0x0000000000012362                rtimer_arch_pending
                0x0000000000012375                rtimer_arch_check
                0x00000000000123b6                rtimer_arch_now
 .text          0x00000000000123ca       0xe6 build/cooja/contiki-ng-cooja.a(beep.o)
                0x00000000000123ca                beep_alarm
                0x00000000000123e5                beep_beep
                0x00000000000123fd                beep
                0x0000000000012412                beep_down
                0x000000000001242a                beep_on
                0x000000000001243f                beep_off
                0x0000000000012454                beep_spinup
                0x0000000000012469                beep_quick
                0x0000000000012481                beep_long
 .text          0x00000000000124b0       0x80 build/cooja/contiki-ng-cooja.a(leds-arch.o)
                0x00000000000124c9                leds_arch_init
 .text          0x0000000000012530       0x41 build/cooja/contiki-ng-cooja.a(moteid.o)
 .text          0x0000000000012571       0xfa build/cooja/contiki-ng-cooja.a(pir-sensor.o)
 .text          0x000000000001266b      0x18b build/cooja/contiki-ng-cooja.a(rs232.o)
                0x000000000001266b                rs232_init
                0x0000000000012676                rs232_set_speed
                0x0000000000012686                rs232_set_input
                0x00000000000126a0                rs232_send
                0x00000000000126bf                rs232_print
                0x00000000000126ed                slip_arch_writeb
 .text          0x00000000000127f6       0xfa build/cooja/contiki-ng-cooja.a(vib-sensor.o)
 .text          0x00000000000128f0       0x6f build/cooja/contiki-ng-cooja.a(clock.o)
                0x00000000000128f0                clock_init
                0x00000000000128fb                clock_time
                0x000000000001290f                clock_seconds
                0x000000000001293b                clock_delay
 .text          0x000000000001295f      0x214 build/cooja/contiki-ng-cooja.a(cooja-log.o)
                0x000000000001295f                simlog_char
                0x00000000000129b9                simlog
                0x0000000000012a3e                log_message
                0x0000000000012a83                log_set_putchar_with_slip
                0x0000000000012a9a                dbg_putchar
                0x0000000000012b1b                dbg_send_bytes
 .text          0x0000000000012b73      0x39b build/cooja/contiki-ng-cooja.a(cfs-cooja.o)
                0x0000000000012b73                cfs_open
                0x0000000000012bf0                cfs_close
                0x0000000000012c05                cfs_read
                0x0000000000012ccc                cfs_write
                0x0000000000012ddc                cfs_seek
                0x0000000000012e8b                cfs_remove
                0x0000000000012ebb                cfs_opendir
                0x0000000000012ed2                cfs_readdir
                0x0000000000012ee9                cfs_closedir
 .text          0x0000000000012f0e      0x79f build/cooja/contiki-ng-cooja.a(cooja-radio.o)
                0x0000000000012f6d                radio_set_channel
                0x0000000000012f87                radio_set_txpower
                0x0000000000012fa4                radio_signal_strength_last
                0x0000000000012fb7                radio_signal_strength_current
                0x0000000000012fca                radio_LQI
 .text          0x00000000000136ad      0x163 build/cooja/contiki-ng-cooja.a(eeprom.o)
                0x00000000000136ad                eeprom_init
                0x00000000000136bc                eeprom_read
                0x000000000001375b                eeprom_write
 .text          0x0000000000013810       0x2f build/cooja/contiki-ng-cooja.a(random.o)
                0x0000000000013810                random_init
                0x0000000000013830                random_rand
 .text          0x000000000001383f      0x35f build/cooja/contiki-ng-cooja.a(sensors.o)
                0x0000000000013888                sensors_first
                0x000000000001389c                sensors_next
                0x00000000000138cb                sensors_changed
                0x0000000000013918                sensors_find
 .text          0x0000000000013b9e      0x3ad build/cooja/contiki-ng-cooja.a(leds.o)
                0x0000000000013b9e                leds_init
                0x0000000000013be9                leds_single_on
                0x0000000000013c56                leds_single_off
                0x0000000000013cc3                leds_single_toggle
                0x0000000000013cfb                leds_on
                0x0000000000013d8c                leds_off
                0x0000000000013e1d                leds_toggle
                0x0000000000013e79                leds_set
                0x0000000000013ea2                leds_get
 .text          0x0000000000013f4b      0x41b build/cooja/contiki-ng-cooja.a(gpio-hal-arch.o)
                0x0000000000013f4b                gpio_hal_arch_register_pin_callback
                0x0000000000013ff2                gpio_hal_arch_init
                0x0000000000014048                gpio_hal_arch_no_port_interrupt_enable
                0x0000000000014095                gpio_hal_arch_no_port_interrupt_disable
                0x00000000000140e2                gpio_hal_arch_no_port_pin_cfg_set
                0x0000000000014118                gpio_hal_arch_no_port_pin_cfg_get
                0x000000000001414c                gpio_hal_arch_no_port_pin_set_input
                0x000000000001415f                gpio_hal_arch_no_port_pin_set_output
                0x0000000000014172                gpio_hal_arch_no_port_set_pin
                0x0000000000014196                gpio_hal_arch_no_port_clear_pin
                0x00000000000141ba                gpio_hal_arch_no_port_read_pin
                0x00000000000141e7                gpio_hal_arch_no_port_write_pin
                0x0000000000014211                gpio_hal_arch_no_port_set_pins
                0x0000000000014260                gpio_hal_arch_no_port_clear_pins
                0x00000000000142af                gpio_hal_arch_no_port_read_pins
                0x00000000000142fd                gpio_hal_arch_no_port_write_pins
 .text          0x0000000000014366       0xa8 build/cooja/contiki-ng-cooja.a(buttons.o)
 .text          0x000000000001440e     0x3e29 build/cooja/contiki-ng-cooja.a(mqtt.o)
                0x00000000000148af                mqtt_decode_var_byte_int
                0x00000000000149b4                mqtt_encode_var_byte_int
                0x0000000000017a9f                mqtt_init
                0x0000000000017b79                mqtt_register
                0x0000000000017c41                mqtt_connect
                0x0000000000017d81                mqtt_disconnect
                0x0000000000017dd2                mqtt_subscribe
                0x0000000000017edb                mqtt_unsubscribe
                0x0000000000017fd4                mqtt_publish
                0x000000000001810f                mqtt_set_username_password
                0x00000000000181c0                mqtt_set_last_will
 .text          0x0000000000018237      0x400 build/cooja/contiki-ng-cooja.a(contiki-main.o)
                0x0000000000018237                main
 .text          0x0000000000018637       0xbd build/cooja/contiki-ng-cooja.a(autostart.o)
                0x0000000000018637                autostart_start
                0x0000000000018698                autostart_exit
 .text          0x00000000000186f4      0x441 build/cooja/contiki-ng-cooja.a(ctimer.o)
                0x0000000000018856                ctimer_init
                0x000000000001888b                ctimer_set
                0x00000000000188cf                ctimer_set_with_process
                0x0000000000018989                ctimer_reset
                0x00000000000189fa                ctimer_restart
                0x0000000000018a6b                ctimer_stop
                0x0000000000018ac9                ctimer_expired
 .text          0x0000000000018b35       0x25 build/cooja/contiki-ng-cooja.a(energest.o)
                0x0000000000018b35                energest_init
                0x0000000000018b40                energest_flush
                0x0000000000018b4b                energest_get_total_time
 .text          0x0000000000018b5a      0x57c build/cooja/contiki-ng-cooja.a(etimer.o)
                0x0000000000018e02                etimer_request_poll
                0x0000000000018eb4                etimer_set
                0x0000000000018eea                etimer_reset_with_new_interval
                0x0000000000018f25                etimer_reset
                0x0000000000018f50                etimer_restart
                0x0000000000018f7b                etimer_adjust
                0x0000000000018fac                etimer_expired
                0x0000000000018fcb                etimer_expiration_time
                0x0000000000018feb                etimer_start_time
                0x0000000000019000                etimer_pending
                0x000000000001901a                etimer_next_expiration_time
                0x000000000001903b                etimer_stop
 .text          0x00000000000190d6      0x539 build/cooja/contiki-ng-cooja.a(log.o)
                0x00000000000190d6                log_6addr
                0x000000000001913c                log_6addr_compact_snprint
                0x0000000000019217                log_6addr_compact
                0x000000000001927d                log_lladdr
                0x00000000000192fd                log_lladdr_compact
                0x000000000001937f                log_bytes
                0x00000000000193df                log_set_level
                0x00000000000194ed                log_get_level
                0x00000000000195a4                log_level_to_str
 .text          0x000000000001960f       0x36 build/cooja/contiki-ng-cooja.a(node-id.o)
                0x000000000001960f                node_id_init
 .text          0x0000000000019645      0x673 build/cooja/contiki-ng-cooja.a(process.o)
                0x0000000000019645                process_alloc_event
                0x000000000001965f                process_start
                0x00000000000198cf                process_exit
                0x00000000000198fb                process_init
                0x0000000000019af2                process_run
                0x0000000000019b27                process_nevents
                0x0000000000019b47                process_post
                0x0000000000019c0f                process_post_synch
                0x0000000000019c5d                process_poll
                0x0000000000019c9a                process_is_running
 .text          0x0000000000019cb8      0x101 build/cooja/contiki-ng-cooja.a(rtimer.o)
                0x0000000000019cb8                rtimer_init
                0x0000000000019cc8                rtimer_set
                0x0000000000019d49                rtimer_run_next
 .text          0x0000000000019db9       0xfd build/cooja/contiki-ng-cooja.a(timer.o)
                0x0000000000019db9                timer_set
                0x0000000000019de8                timer_reset
                0x0000000000019e24                timer_restart
                0x0000000000019e43                timer_expired
                0x0000000000019e7e                timer_remaining
 .text          0x0000000000019eb6      0x39b build/cooja/contiki-ng-cooja.a(list.o)
                0x0000000000019eb6                list_init
                0x0000000000019ed0                list_head
                0x0000000000019ee5                list_copy
                0x0000000000019f06                list_tail
                0x0000000000019f4f                list_add
                0x0000000000019fb3                list_push
                0x0000000000019ff6                list_chop
                0x000000000001a083                list_pop
                0x000000000001a0bd                list_remove
                0x000000000001a149                list_length
                0x000000000001a184                list_insert
                0x000000000001a1e7                list_item_next
                0x000000000001a20a                list_contains
 .text          0x000000000001a251      0x574 build/cooja/contiki-ng-cooja.a(button-hal.o)
                0x000000000001a41c                button_hal_get_by_id
                0x000000000001a46a                button_hal_get_by_index
                0x000000000001a4a1                button_hal_get_state
                0x000000000001a504                button_hal_init
 .text          0x000000000001a7c5      0x181 build/cooja/contiki-ng-cooja.a(gpio-hal.o)
                0x000000000001a7c5                gpio_hal_register_handler
                0x000000000001a7ee                gpio_hal_event_handler
                0x000000000001a859                gpio_hal_init
                0x000000000001a878                gpio_hal_arch_port_toggle_pin
                0x000000000001a8af                gpio_hal_arch_port_toggle_pins
                0x000000000001a8e0                gpio_hal_arch_no_port_toggle_pin
                0x000000000001a91a                gpio_hal_arch_no_port_toggle_pins
 .text          0x000000000001a946      0x238 build/cooja/contiki-ng-cooja.a(serial-line.o)
                0x000000000001a946                serial_line_input_byte
                0x000000000001ab41                serial_line_init
 .text          0x000000000001ab7e       0x80 build/cooja/contiki-ng-cooja.a(linkaddr.o)
                0x000000000001ab7e                linkaddr_copy
                0x000000000001ab9f                linkaddr_cmp
                0x000000000001abd5                linkaddr_set_node_addr
 .text          0x000000000001abfe      0x12b build/cooja/contiki-ng-cooja.a(netstack.o)
                0x000000000001abfe                netstack_process_ip_callback
                0x000000000001ac9f                netstack_ip_packet_processor_add
                0x000000000001accf                uip_ds6_ip_packet_processor_rm
                0x000000000001acf8                netstack_init
 .text          0x000000000001ad29      0x4a8 build/cooja/contiki-ng-cooja.a(packetbuf.o)
                0x000000000001ad29                packetbuf_clear
                0x000000000001ad57                packetbuf_copyfrom
                0x000000000001adb0                packetbuf_copyto
                0x000000000001ae56                packetbuf_hdralloc
                0x000000000001aee5                packetbuf_hdrreduce
                0x000000000001af35                packetbuf_set_datalen
                0x000000000001af51                packetbuf_dataptr
                0x000000000001af76                packetbuf_hdrptr
                0x000000000001af87                packetbuf_datalen
                0x000000000001af98                packetbuf_hdrlen
                0x000000000001afb4                packetbuf_totlen
                0x000000000001afd6                packetbuf_remaininglen
                0x000000000001afee                packetbuf_attr_clear
                0x000000000001b053                packetbuf_attr_copyto
                0x000000000001b09e                packetbuf_attr_copyfrom
                0x000000000001b0e9                packetbuf_set_attr
                0x000000000001b119                packetbuf_attr
                0x000000000001b13a                packetbuf_set_addr
                0x000000000001b180                packetbuf_addr
                0x000000000001b1aa                packetbuf_holds_broadcast
 .text          0x000000000001b1d1      0x382 build/cooja/contiki-ng-cooja.a(queuebuf.o)
                0x000000000001b1e6                queuebuf_init
                0x000000000001b20f                queuebuf_numfree
                0x000000000001b228                queuebuf_new_from_packetbuf
                0x000000000001b2db                queuebuf_update_attr_from_packetbuf
                0x000000000001b31e                queuebuf_update_from_packetbuf
                0x000000000001b37a                queuebuf_free
                0x000000000001b3d6                queuebuf_to_packetbuf
                0x000000000001b44f                queuebuf_dataptr
                0x000000000001b496                queuebuf_datalen
                0x000000000001b4c6                queuebuf_addr
                0x000000000001b50d                queuebuf_attr
                0x000000000001b548                queuebuf_debug_print
 .text          0x000000000001b553      0x116 build/cooja/contiki-ng-cooja.a(printf.o)
                0x000000000001b588                log_printf
 .text          0x000000000001b669       0x1e build/cooja/contiki-ng-cooja.a(putchar.o)
                0x000000000001b669                log_putchar
 .text          0x000000000001b687       0x3d build/cooja/contiki-ng-cooja.a(puts.o)
                0x000000000001b687                log_puts
 .text          0x000000000001b6c4      0x1f8 build/cooja/contiki-ng-cooja.a(snprintf.o)
                0x000000000001b74f                log_snprintf
                0x000000000001b834                log_vsnprintf
 .text          0x000000000001b8bc      0x152 build/cooja/contiki-ng-cooja.a(sprintf.o)
                0x000000000001b907                log_sprintf
 .text          0x000000000001ba0e     0x170b build/cooja/contiki-ng-cooja.a(strformat.o)
                0x000000000001bd81                format_str
                0x000000000001be62                format_str_v
 .text          0x000000000001d119      0x292 build/cooja/contiki-ng-cooja.a(csma.o)
 .text          0x000000000001d3ab     0x3747 build/cooja/contiki-ng-cooja.a(sicslowpan.o)
                0x000000000001db81                netstack_sniffer_add
                0x000000000001db9b                netstack_sniffer_remove
                0x0000000000020abb                sicslowpan_init
                0x0000000000020ae2                sicslowpan_get_last_rssi
 .text          0x0000000000020af2      0xbaa build/cooja/contiki-ng-cooja.a(tcp-socket.o)
                0x000000000002122b                tcp_socket_register
                0x00000000000212f3                tcp_socket_connect
                0x00000000000213b0                tcp_socket_listen
                0x000000000002143d                tcp_socket_unlisten
                0x00000000000214c9                tcp_socket_send
                0x0000000000021586                tcp_socket_send_str
                0x00000000000215bd                tcp_socket_close
                0x00000000000215f2                tcp_socket_unregister
                0x000000000002165b                tcp_socket_max_sendlen
                0x0000000000021683                tcp_socket_queuelen
 .text          0x000000000002169c      0xc96 build/cooja/contiki-ng-cooja.a(tcpip.o)
                0x00000000000216cc                tcpip_output
                0x00000000000217ce                tcp_connect
                0x0000000000021835                tcp_unlisten
                0x00000000000218a5                tcp_listen
                0x0000000000021911                tcp_attach
                0x000000000002193f                udp_attach
                0x000000000002196d                udp_new
                0x00000000000219c8                udp_broadcast_new
                0x0000000000021cdb                tcpip_input
                0x0000000000021eb3                tcpip_ipv6_output
                0x000000000002210c                tcpip_poll_udp
                0x000000000002213a                tcpip_poll_tcp
                0x0000000000022168                tcpip_uipcall
 .text          0x0000000000022332      0x416 build/cooja/contiki-ng-cooja.a(uip-ds6-nbr.o)
                0x0000000000022332                uip_ds6_neighbors_init
                0x000000000002235b                uip_ds6_nbr_add
                0x00000000000223f9                uip_ds6_nbr_rm
                0x0000000000022456                uip_ds6_nbr_update_ll
                0x000000000002255b                uip_ds6_nbr_get_ipaddr
                0x000000000002257b                uip_ds6_nbr_get_ll
                0x00000000000225a3                uip_ds6_nbr_num
                0x00000000000225f5                uip_ds6_nbr_head
                0x000000000002260e                uip_ds6_nbr_next
                0x0000000000022636                uip_ds6_nbr_lookup
                0x000000000002269f                uip_ds6_nbr_ll_lookup
                0x00000000000226c7                uip_ds6_nbr_ipaddr_from_lladdr
                0x00000000000226fb                uip_ds6_nbr_lladdr_from_ipaddr
                0x0000000000022737                uip_ds6_link_callback
 .text          0x0000000000022748      0x3f9 build/cooja/contiki-ng-cooja.a(uip-ds6-route.o)
                0x000000000002279f                uip_ds6_route_init
                0x00000000000227c8                uip_ds6_route_count_nexthop_neighbors
                0x00000000000227d7                uip_ds6_route_nexthop
                0x00000000000227ea                uip_ds6_route_head
                0x00000000000227f9                uip_ds6_route_next
                0x000000000002280c                uip_ds6_route_is_nexthop
                0x000000000002281f                uip_ds6_route_num_routes
                0x000000000002282e                uip_ds6_route_lookup
                0x0000000000022841                uip_ds6_route_add
                0x000000000002285d                uip_ds6_route_rm
                0x000000000002286c                uip_ds6_route_rm_by_nexthop
                0x000000000002287b                uip_ds6_defrt_head
                0x0000000000022894                uip_ds6_defrt_add
                0x0000000000022954                uip_ds6_defrt_rm
                0x00000000000229ca                uip_ds6_defrt_lookup
                0x0000000000022a41                uip_ds6_defrt_choose
                0x0000000000022ac4                uip_ds6_defrt_periodic
 .text          0x0000000000022b41      0xebc build/cooja/contiki-ng-cooja.a(uip-ds6.o)
                0x0000000000022b41                uip_ds6_default_prefix
                0x0000000000022b52                uip_ds6_set_default_prefix
                0x0000000000022b7a                uip_ds6_init
                0x0000000000022e19                uip_ds6_periodic
                0x0000000000022ebb                uip_ds6_list_loop
                0x0000000000022fa4                uip_ds6_prefix_add
                0x0000000000023075                uip_ds6_prefix_rm
                0x0000000000023093                uip_ds6_prefix_lookup
                0x00000000000230ea                uip_ds6_is_addr_onlink
                0x000000000002317e                uip_ds6_addr_add
                0x00000000000232c9                uip_ds6_addr_rm
                0x0000000000023384                uip_ds6_addr_lookup
                0x00000000000233d9                uip_ds6_get_link_local
                0x000000000002347e                uip_ds6_get_global
                0x0000000000023523                uip_ds6_maddr_add
                0x000000000002359f                uip_ds6_maddr_rm
                0x00000000000235bd                uip_ds6_maddr_lookup
                0x0000000000023615                uip_ds6_aaddr_add
                0x0000000000023691                uip_ds6_aaddr_rm
                0x00000000000236af                uip_ds6_aaddr_lookup
                0x0000000000023707                uip_ds6_select_src
                0x0000000000023891                uip_ds6_set_addr_iid
                0x00000000000238ca                uip_ds6_set_lladdr_from_iid
                0x0000000000023901                get_match_length
                0x00000000000239af                uip_ds6_compute_reachable_time
 .text          0x00000000000239fd      0x1b9 build/cooja/contiki-ng-cooja.a(uip-packetqueue.o)
                0x0000000000023a3c                uip_packetqueue_new
                0x0000000000023a56                uip_packetqueue_alloc
                0x0000000000023ad0                uip_packetqueue_free
                0x0000000000023b28                uip_packetqueue_buf
                0x0000000000023b54                uip_packetqueue_buflen
                0x0000000000023b83                uip_packetqueue_set_buflen
 .text          0x0000000000023bb6     0x3915 build/cooja/contiki-ng-cooja.a(uip6.o)
                0x0000000000023bb6                uip_add32
                0x0000000000023dc0                uip_chksum
                0x0000000000023ea6                uip_icmp6chksum
                0x0000000000023eba                uip_tcpchksum
                0x0000000000023ece                uip_udpchksum
                0x0000000000023ee2                uip_init
                0x0000000000023fa7                uip_connect
                0x0000000000024151                uip_remove_ext_hdr
                0x0000000000024252                uip_udp_new
                0x00000000000243be                uip_unlisten
                0x000000000002440d                uip_listen
                0x000000000002472f                uip_process
                0x0000000000027351                uip_htons
                0x0000000000027374                uip_htonl
                0x00000000000273bc                uip_send
 .text          0x00000000000274cb      0x5b1 build/cooja/contiki-ng-cooja.a(uipbuf.o)
                0x00000000000274cb                uipbuf_clear
                0x00000000000274fd                uipbuf_add_ext_hdr
                0x0000000000027595                uipbuf_set_len
                0x00000000000275c7                uipbuf_set_len_field
                0x00000000000275fa                uipbuf_get_len_field
                0x0000000000027625                uipbuf_get_next_header
                0x0000000000027797                uipbuf_get_last_header
                0x000000000002782a                uipbuf_search_header
                0x00000000000278f1                uipbuf_get_attr
                0x0000000000027922                uipbuf_set_attr
                0x0000000000027962                uipbuf_set_default_attr
                0x00000000000279a2                uipbuf_clear_attr
                0x00000000000279c9                uipbuf_set_attr_flag
                0x00000000000279ec                uipbuf_clr_attr_flag
                0x0000000000027a15                uipbuf_is_attr_flag
                0x0000000000027a3a                uipbuf_init
 .text          0x0000000000027a7c      0x57d build/cooja/contiki-ng-cooja.a(uiplib.o)
                0x0000000000027a7c                uiplib_ip6addrconv
                0x0000000000027c58                uiplib_ip4addrconv
                0x0000000000027d2a                uiplib_ipaddr_print
                0x0000000000027d90                uiplib_ipaddr_snprint
 .text          0x0000000000027ff9      0x66e build/cooja/contiki-ng-cooja.a(rpl.o)
                0x0000000000027ff9                rpl_lollipop_greater_than
                0x000000000002805d                rpl_get_global_address
                0x00000000000281fd                rpl_link_callback
                0x0000000000028267                rpl_has_joined
                0x000000000002829a                rpl_is_reachable
                0x0000000000028340                rpl_reset_prefix
                0x00000000000283b7                rpl_set_prefix_from_addr
                0x00000000000284d2                rpl_set_prefix
                0x000000000002863c                rpl_set_leaf_only
                0x0000000000028656                rpl_get_leaf_only
 .text          0x0000000000028667       0x49 build/cooja/contiki-ng-cooja.a(watchdog.o)
                0x0000000000028667                watchdog_init
                0x0000000000028672                watchdog_start
                0x000000000002867d                watchdog_periodic
                0x000000000002869a                watchdog_stop
                0x00000000000286a5                watchdog_reboot
 .text          0x00000000000286b0       0x61 build/cooja/contiki-ng-cooja.a(int-master.o)
                0x00000000000286b0                int_master_enable
                0x00000000000286c5                int_master_read_and_disable
                0x00000000000286e5                int_master_status_set
                0x00000000000286fc                int_master_is_enabled
 .text          0x0000000000028711      0x125 build/cooja/contiki-ng-cooja.a(stimer.o)
                0x0000000000028711                stimer_set
                0x0000000000028740                stimer_reset
                0x000000000002877c                stimer_restart
                0x000000000002879b                stimer_expired
                0x00000000000287dd                stimer_remaining
                0x0000000000028815                stimer_elapsed
 .text          0x0000000000028836      0x21a build/cooja/contiki-ng-cooja.a(memb.o)
                0x0000000000028836                memb_init
                0x0000000000028899                memb_alloc
                0x0000000000028913                memb_free
                0x00000000000289a6                memb_inmemb
                0x00000000000289fd                memb_numfree
 .text          0x0000000000028a50      0x19d build/cooja/contiki-ng-cooja.a(ringbuf.o)
                0x0000000000028a50                ringbuf_init
                0x0000000000028a91                ringbuf_put
                0x0000000000028b20                ringbuf_get
                0x0000000000028b9e                ringbuf_size
                0x0000000000028bba                ringbuf_elements
 .text          0x0000000000028bed      0x481 build/cooja/contiki-ng-cooja.a(link-stats.o)
                0x0000000000028bed                link_stats_from_lladdr
                0x0000000000028c15                link_stats_get_lladdr
                0x0000000000028c3d                link_stats_is_fresh
                0x0000000000028c85                guess_etx_from_rssi
                0x0000000000028d0a                link_stats_packet_sent
                0x0000000000028e6e                link_stats_input_callback
                0x0000000000028fd0                link_stats_reset
                0x000000000002902c                link_stats_init
 .text          0x000000000002906e      0xcb3 build/cooja/contiki-ng-cooja.a(nbr-table.o)
                0x00000000000294cc                nbr_table_count_entries
                0x000000000002956e                nbr_table_gc_get_worst
                0x00000000000295b1                nbr_table_can_accept_new
                0x0000000000029766                nbr_table_entry_is_allowed
                0x0000000000029813                nbr_table_register
                0x00000000000298a5                nbr_table_is_registered
                0x00000000000298fc                nbr_table_head
                0x000000000002996a                nbr_table_next
                0x00000000000299e7                nbr_table_add_lladdr
                0x0000000000029b47                nbr_table_get_from_lladdr
                0x0000000000029ba6                nbr_table_remove
                0x0000000000029c00                nbr_table_lock
                0x0000000000029c35                nbr_table_unlock
                0x0000000000029c6a                nbr_table_get_lladdr
                0x0000000000029cad                nbr_table_clear
                0x0000000000029cea                nbr_table_key_head
                0x0000000000029d03                nbr_table_key_next
 .text          0x0000000000029d21      0x1e0 build/cooja/contiki-ng-cooja.a(mac-sequence.o)
                0x0000000000029d21                mac_sequence_is_duplicate
                0x0000000000029e02                mac_sequence_register_seqno
 .text          0x0000000000029f01      0x451 build/cooja/contiki-ng-cooja.a(framer-802154.o)
                0x000000000002a09c                framer_802154_setup_params
 .text          0x000000000002a352      0xae3 build/cooja/contiki-ng-cooja.a(csma-output.o)
                0x000000000002ab34                csma_output_packet
                0x000000000002adfd                csma_output_init
 .text          0x000000000002ae35       0x3d build/cooja/contiki-ng-cooja.a(csma-security.o)
                0x000000000002ae35                csma_security_create_frame
                0x000000000002ae5b                csma_security_parse_frame
 .text          0x000000000002ae72      0x8b7 build/cooja/contiki-ng-cooja.a(uip-icmp6.o)
                0x000000000002aeef                uip_icmp6_input
                0x000000000002af4d                uip_icmp6_register_input_handler
                0x000000000002b0df                uip_icmp6_error_output
                0x000000000002b444                uip_icmp6_send
                0x000000000002b690                uip_icmp6_echo_reply_callback_add
                0x000000000002b6d7                uip_icmp6_echo_reply_callback_rm
                0x000000000002b700                uip_icmp6_init
 .text          0x000000000002b729      0x87f build/cooja/contiki-ng-cooja.a(uip-nd6.o)
                0x000000000002bf8e                uip_nd6_init
 .text          0x000000000002bfa8      0x7e7 build/cooja/contiki-ng-cooja.a(uip-sr.o)
                0x000000000002bfa8                uip_sr_num_nodes
                0x000000000002c053                uip_sr_get_node
                0x000000000002c0bb                uip_sr_is_addr_reachable
                0x000000000002c183                uip_sr_expire_parent
                0x000000000002c1f2                uip_sr_update_node
                0x000000000002c366                uip_sr_init
                0x000000000002c399                uip_sr_node_head
                0x000000000002c3b2                uip_sr_node_next
                0x000000000002c3d0                uip_sr_periodic
                0x000000000002c50c                uip_sr_free_all
                0x000000000002c58b                uip_sr_link_snprint
 .text          0x000000000002c78f      0x35a build/cooja/contiki-ng-cooja.a(rpl-dag-root.o)
                0x000000000002c78f                rpl_dag_root_print_links
                0x000000000002c904                rpl_dag_root_set_prefix
                0x000000000002c940                rpl_dag_root_start
                0x000000000002caa9                rpl_dag_root_is_root
 .text          0x000000000002cae9     0x1219 build/cooja/contiki-ng-cooja.a(rpl-dag.o)
                0x000000000002cae9                rpl_dag_state_to_str
                0x000000000002cb47                rpl_dag_get_root_ipaddr
                0x000000000002cb91                rpl_dag_leave
                0x000000000002cc3c                rpl_dag_poison_and_leave
                0x000000000002cc5a                rpl_dag_periodic
                0x000000000002cd1e                rpl_is_addr_in_our_dag
                0x000000000002cd7a                rpl_get_default_instance
                0x000000000002cda1                rpl_get_any_dag
                0x000000000002ce0e                rpl_refresh_routes
                0x000000000002ce70                rpl_global_repair
                0x000000000002cf32                rpl_local_repair
                0x000000000002cf94                rpl_dag_ready_to_advertise
                0x000000000002cfec                rpl_dag_update_state
                0x000000000002d8af                rpl_process_dio
                0x000000000002d951                rpl_process_dis
                0x000000000002d9a5                rpl_process_dao
                0x000000000002da4e                rpl_process_dao_ack
                0x000000000002dafe                rpl_process_hbh
                0x000000000002db5d                rpl_dag_init_root
                0x000000000002dcde                rpl_dag_init
 .text          0x000000000002dd02      0xdef build/cooja/contiki-ng-cooja.a(rpl-ext-header.o)
                0x000000000002dd02                rpl_ext_header_srh_get_next_hop
                0x000000000002de13                rpl_ext_header_srh_update
                0x000000000002e4a2                rpl_ext_header_hbh_update
                0x000000000002e842                rpl_ext_header_update
                0x000000000002e8ec                rpl_ext_header_remove
 .text          0x000000000002eaf1     0x16eb build/cooja/contiki-ng-cooja.a(rpl-icmp6.o)
                0x000000000002ec85                rpl_icmp6_update_nbr_table
                0x000000000002ed3a                rpl_icmp6_dis_output
                0x000000000002f45e                rpl_icmp6_dio_output
                0x000000000002fd8e                rpl_icmp6_dao_output
                0x00000000000300ff                rpl_icmp6_dao_ack_output
                0x0000000000030195                rpl_icmp6_init
 .text          0x00000000000301dc      0x36f build/cooja/contiki-ng-cooja.a(rpl-mrhof.o)
 .text          0x000000000003054b       0x8c build/cooja/contiki-ng-cooja.a(rpl-nbr-policy.o)
                0x0000000000030593                rpl_nbr_gc_get_worst
 .text          0x00000000000305d7      0xadd build/cooja/contiki-ng-cooja.a(rpl-neighbor.o)
                0x000000000003066a                rpl_neighbor_snprint
                0x0000000000030998                rpl_neighbor_print_list
                0x0000000000030a6f                rpl_neighbor_count
                0x0000000000030b5a                rpl_neighbor_get_from_lladdr
                0x0000000000030b85                rpl_neighbor_is_acceptable_parent
                0x0000000000030bd1                rpl_neighbor_get_link_metric
                0x0000000000030c1d                rpl_neighbor_rank_via_nbr
                0x0000000000030c69                rpl_neighbor_get_lladdr
                0x0000000000030c94                rpl_neighbor_get_ipaddr
                0x0000000000030cc2                rpl_neighbor_get_link_stats
                0x0000000000030cf0                rpl_neighbor_is_fresh
                0x0000000000030d1e                rpl_neighbor_is_parent
                0x0000000000030d57                rpl_neighbor_set_preferred_parent
                0x0000000000030e0e                rpl_neighbor_remove_all
                0x0000000000030e74                rpl_neighbor_get_from_ipaddr
                0x0000000000030fad                rpl_neighbor_select_best
                0x000000000003108d                rpl_neighbor_init
 .text          0x00000000000310b4      0xd3d build/cooja/contiki-ng-cooja.a(rpl-timers.o)
                0x00000000000310b4                rpl_timers_schedule_periodic_dis
                0x000000000003126a                rpl_timers_dio_reset
                0x00000000000313ee                rpl_timers_schedule_unicast_dio
                0x00000000000315d5                rpl_timers_schedule_dao
                0x00000000000316db                rpl_timers_schedule_dao_ack
                0x00000000000317a0                rpl_timers_notify_dao_ack
                0x0000000000031815                get_probing_delay
                0x000000000003185c                get_probing_target
                0x0000000000031a9a                rpl_schedule_probing
                0x0000000000031ae1                rpl_schedule_probing_now
                0x0000000000031b6f                rpl_timers_unschedule_leaving
                0x0000000000031bb9                rpl_timers_schedule_leaving
                0x0000000000031c17                rpl_timers_init
                0x0000000000031cc9                rpl_timers_stop_dag_timers
                0x0000000000031d6b                rpl_timers_unschedule_state_update
                0x0000000000031d98                rpl_timers_schedule_state_update
 .text          0x0000000000031df1       0x34 build/cooja/contiki-ng-cooja.a(assert.o)
                0x0000000000031df1                _xassert
 .text          0x0000000000031e25       0x3a build/cooja/contiki-ng-cooja.a(mac.o)
                0x0000000000031e25                mac_call_sent_callback
 .text          0x0000000000031e5f      0xca9 build/cooja/contiki-ng-cooja.a(frame802154.o)
                0x0000000000031e8d                frame802154_get_pan_id
                0x0000000000031e9e                frame802154_set_pan_id
                0x0000000000031eba                frame802154_has_panid
                0x0000000000032099                frame802154_check_dest_panid
                0x0000000000032137                frame802154_is_broadcast_addr
                0x000000000003218e                frame802154_extract_linkaddr
                0x0000000000032428                frame802154_hdrlen
                0x00000000000324a7                frame802154_create_fcf
                0x0000000000032579                frame802154_create
                0x0000000000032723                frame802154_parse_fcf
                0x000000000003281a                frame802154_parse
 .text          0x0000000000032b08        0x0 /usr/lib/gcc/x86_64-linux-gnu/11/crtendS.o
 .text          0x0000000000032b08        0x0 /usr/lib/gcc/x86_64-linux-gnu/11/../../../x86_64-linux-gnu/crtn.o
 *(.gnu.warning)

.fini           0x0000000000032b08        0xd
 *(SORT_NONE(.fini))
 .fini          0x0000000000032b08        0x8 /usr/lib/gcc/x86_64-linux-gnu/11/../../../x86_64-linux-gnu/crti.o
                0x0000000000032b08                _fini
 .fini          0x0000000000032b10        0x5 /usr/lib/gcc/x86_64-linux-gnu/11/../../../x86_64-linux-gnu/crtn.o
                [!provide]                        PROVIDE (__etext = .)
                [!provide]                        PROVIDE (_etext = .)
                [!provide]                        PROVIDE (etext = .)
                0x0000000000033000                . = ALIGN (CONSTANT (MAXPAGESIZE))
                0x0000000000033000                . = SEGMENT_START ("rodata-segment", (ALIGN (CONSTANT (MAXPAGESIZE)) + (. & (CONSTANT (MAXPAGESIZE) - 0x1))))

.rodata         0x0000000000033000      0xef5
 *(.rodata .rodata.* .gnu.linkonce.r.*)
 .rodata        0x0000000000033000      0x420 tpSensors.o
 .rodata        0x0000000000033420        0x6 build/cooja/contiki-ng-cooja.a(leds-arch.o)
                0x0000000000033420                leds_arch_leds
 .rodata        0x0000000000033426        0x4 build/cooja/contiki-ng-cooja.a(pir-sensor.o)
 .rodata        0x000000000003342a        0x3 build/cooja/contiki-ng-cooja.a(rs232.o)
 .rodata        0x000000000003342d        0xa build/cooja/contiki-ng-cooja.a(vib-sensor.o)
 *fill*         0x0000000000033437        0x1 
 .rodata        0x0000000000033438       0x26 build/cooja/contiki-ng-cooja.a(cfs-cooja.o)
 *fill*         0x000000000003345e        0x2 
 .rodata        0x0000000000033460       0x68 build/cooja/contiki-ng-cooja.a(cooja-radio.o)
 .rodata        0x00000000000334c8        0x8 build/cooja/contiki-ng-cooja.a(sensors.o)
 .rodata        0x00000000000334d0       0x14 build/cooja/contiki-ng-cooja.a(buttons.o)
                0x00000000000334dc                button_hal_button_count
 .rodata        0x00000000000334e4      0x29c build/cooja/contiki-ng-cooja.a(mqtt.o)
 .rodata        0x0000000000033780       0xf4 build/cooja/contiki-ng-cooja.a(contiki-main.o)
 .rodata        0x0000000000033874        0xf build/cooja/contiki-ng-cooja.a(ctimer.o)
 .rodata        0x0000000000033883        0xc build/cooja/contiki-ng-cooja.a(etimer.o)
 *fill*         0x000000000003388f        0x1 
 .rodata        0x0000000000033890       0xc0 build/cooja/contiki-ng-cooja.a(log.o)
 .rodata        0x0000000000033950       0x13 build/cooja/contiki-ng-cooja.a(button-hal.o)
 .rodata        0x0000000000033963        0xe build/cooja/contiki-ng-cooja.a(serial-line.o)
 *fill*         0x0000000000033971        0x7 
 .rodata        0x0000000000033978        0x8 build/cooja/contiki-ng-cooja.a(linkaddr.o)
                0x0000000000033978                linkaddr_null
 .rodata        0x0000000000033980      0x280 build/cooja/contiki-ng-cooja.a(strformat.o)
 .rodata        0x0000000000033c00        0x5 build/cooja/contiki-ng-cooja.a(csma.o)
 .rodata        0x0000000000033c05       0x1d build/cooja/contiki-ng-cooja.a(sicslowpan.o)
                0x0000000000033c05                unc_llconf
                0x0000000000033c09                unc_ctxconf
                0x0000000000033c0d                unc_mxconf
                0x0000000000033c11                llprefix
 .rodata        0x0000000000033c22       0x13 build/cooja/contiki-ng-cooja.a(tcp-socket.o)
 .rodata        0x0000000000033c35        0xd build/cooja/contiki-ng-cooja.a(tcpip.o)
 *fill*         0x0000000000033c42        0x6 
 .rodata        0x0000000000033c48       0x4c build/cooja/contiki-ng-cooja.a(uip-ds6-route.o)
 .rodata        0x0000000000033c94       0x48 build/cooja/contiki-ng-cooja.a(uip6.o)
 .rodata        0x0000000000033cdc       0x2d build/cooja/contiki-ng-cooja.a(uiplib.o)
 .rodata        0x0000000000033d09        0x9 build/cooja/contiki-ng-cooja.a(rpl.o)
 *fill*         0x0000000000033d12        0x6 
 .rodata        0x0000000000033d18       0x34 build/cooja/contiki-ng-cooja.a(csma-output.o)
 .rodata        0x0000000000033d4c       0x44 build/cooja/contiki-ng-cooja.a(uip-sr.o)
 .rodata        0x0000000000033d90       0xd7 build/cooja/contiki-ng-cooja.a(rpl-dag.o)
 *fill*         0x0000000000033e67        0x1 
 .rodata        0x0000000000033e68       0x58 build/cooja/contiki-ng-cooja.a(rpl-neighbor.o)
 .rodata        0x0000000000033ec0        0xc build/cooja/contiki-ng-cooja.a(rpl-timers.o)
 *fill*         0x0000000000033ecc        0x4 
 .rodata        0x0000000000033ed0       0x25 build/cooja/contiki-ng-cooja.a(assert.o)

.rodata1
 *(.rodata1)

.eh_frame_hdr   0x0000000000033ef8     0x190c
 *(.eh_frame_hdr)
 .eh_frame_hdr  0x0000000000033ef8     0x190c tpSensors.o
                0x0000000000033ef8                __GNU_EH_FRAME_HDR
 *(.eh_frame_entry .eh_frame_entry.*)

.eh_frame       0x0000000000035808     0x6498
 *(.eh_frame)
 .eh_frame      0x0000000000035808       0x40 /usr/lib/gcc/x86_64-linux-gnu/11/../../../x86_64-linux-gnu/crti.o
 .eh_frame      0x0000000000035848       0x18 /usr/lib/gcc/x86_64-linux-gnu/11/../../../x86_64-linux-gnu/crti.o
                                         0x30 (size before relaxing)
 .eh_frame      0x0000000000035860       0x18 /usr/lib/gcc/x86_64-linux-gnu/11/../../../x86_64-linux-gnu/crti.o
                                         0x30 (size before relaxing)
 .eh_frame      0x0000000000035878      0x108 tpSensors.o
                                        0x120 (size before relaxing)
 .eh_frame      0x0000000000035980      0x198 build/cooja/mtype227498609.o
                                        0x1b0 (size before relaxing)
 .eh_frame      0x0000000000035b18       0x40 build/cooja/contiki-ng-cooja.a(simEnvChange.o)
                                         0x58 (size before relaxing)
 .eh_frame      0x0000000000035b58       0x60 build/cooja/contiki-ng-cooja.a(cooja_mt.o)
                                         0x78 (size before relaxing)
 .eh_frame      0x0000000000035bb8       0x80 build/cooja/contiki-ng-cooja.a(cooja_mtarch.o)
                                         0x98 (size before relaxing)
 .eh_frame      0x0000000000035c38       0xc0 build/cooja/contiki-ng-cooja.a(rtimer-arch.o)
                                         0xd8 (size before relaxing)
 .eh_frame      0x0000000000035cf8      0x160 build/cooja/contiki-ng-cooja.a(beep.o)
                                        0x178 (size before relaxing)
 .eh_frame      0x0000000000035e58       0x80 build/cooja/contiki-ng-cooja.a(leds-arch.o)
                                         0x98 (size before relaxing)
 .eh_frame      0x0000000000035ed8       0x40 build/cooja/contiki-ng-cooja.a(moteid.o)
                                         0x58 (size before relaxing)
 .eh_frame      0x0000000000035f18       0xa0 build/cooja/contiki-ng-cooja.a(pir-sensor.o)
                                         0xb8 (size before relaxing)
 .eh_frame      0x0000000000035fb8      0x100 build/cooja/contiki-ng-cooja.a(rs232.o)
                                        0x118 (size before relaxing)
 .eh_frame      0x00000000000360b8       0xa0 build/cooja/contiki-ng-cooja.a(vib-sensor.o)
                                         0xb8 (size before relaxing)
 .eh_frame      0x0000000000036158       0xc0 build/cooja/contiki-ng-cooja.a(clock.o)
                                         0xd8 (size before relaxing)
 .eh_frame      0x0000000000036218      0x100 build/cooja/contiki-ng-cooja.a(cooja-log.o)
                                        0x118 (size before relaxing)
 .eh_frame      0x0000000000036318      0x160 build/cooja/contiki-ng-cooja.a(cfs-cooja.o)
                                        0x178 (size before relaxing)
 .eh_frame      0x0000000000036478      0x360 build/cooja/contiki-ng-cooja.a(cooja-radio.o)
                                        0x378 (size before relaxing)
 .eh_frame      0x00000000000367d8       0xa0 build/cooja/contiki-ng-cooja.a(eeprom.o)
                                         0xb8 (size before relaxing)
 .eh_frame      0x0000000000036878       0x40 build/cooja/contiki-ng-cooja.a(random.o)
                                         0x58 (size before relaxing)
 .eh_frame      0x00000000000368b8       0xc0 build/cooja/contiki-ng-cooja.a(sensors.o)
                                         0xd8 (size before relaxing)
 .eh_frame      0x0000000000036978      0x120 build/cooja/contiki-ng-cooja.a(leds.o)
                                        0x138 (size before relaxing)
 .eh_frame      0x0000000000036a98      0x220 build/cooja/contiki-ng-cooja.a(gpio-hal-arch.o)
                                        0x238 (size before relaxing)
 .eh_frame      0x0000000000036cb8       0xa0 build/cooja/contiki-ng-cooja.a(buttons.o)
                                         0xb8 (size before relaxing)
 .eh_frame      0x0000000000036d58      0x4e0 build/cooja/contiki-ng-cooja.a(mqtt.o)
                                        0x4f8 (size before relaxing)
 .eh_frame      0x0000000000037238       0x20 build/cooja/contiki-ng-cooja.a(contiki-main.o)
                                         0x38 (size before relaxing)
 .eh_frame      0x0000000000037258       0x40 build/cooja/contiki-ng-cooja.a(autostart.o)
                                         0x58 (size before relaxing)
 .eh_frame      0x0000000000037298      0x100 build/cooja/contiki-ng-cooja.a(ctimer.o)
                                        0x118 (size before relaxing)
 .eh_frame      0x0000000000037398       0x60 build/cooja/contiki-ng-cooja.a(energest.o)
                                         0x78 (size before relaxing)
 .eh_frame      0x00000000000373f8      0x1e0 build/cooja/contiki-ng-cooja.a(etimer.o)
                                        0x1f8 (size before relaxing)
 .eh_frame      0x00000000000375d8      0x120 build/cooja/contiki-ng-cooja.a(log.o)
                                        0x138 (size before relaxing)
 .eh_frame      0x00000000000376f8       0x20 build/cooja/contiki-ng-cooja.a(node-id.o)
                                         0x38 (size before relaxing)
 .eh_frame      0x0000000000037718      0x1c8 build/cooja/contiki-ng-cooja.a(process.o)
                                        0x1e0 (size before relaxing)
 .eh_frame      0x00000000000378e0       0x60 build/cooja/contiki-ng-cooja.a(rtimer.o)
                                         0x78 (size before relaxing)
 .eh_frame      0x0000000000037940       0xa0 build/cooja/contiki-ng-cooja.a(timer.o)
                                         0xb8 (size before relaxing)
 .eh_frame      0x00000000000379e0      0x1a0 build/cooja/contiki-ng-cooja.a(list.o)
                                        0x1b8 (size before relaxing)
 .eh_frame      0x0000000000037b80      0x160 build/cooja/contiki-ng-cooja.a(button-hal.o)
                                        0x178 (size before relaxing)
 .eh_frame      0x0000000000037ce0       0xe0 build/cooja/contiki-ng-cooja.a(gpio-hal.o)
                                         0xf8 (size before relaxing)
 .eh_frame      0x0000000000037dc0       0x60 build/cooja/contiki-ng-cooja.a(serial-line.o)
                                         0x78 (size before relaxing)
 .eh_frame      0x0000000000037e20       0x60 build/cooja/contiki-ng-cooja.a(linkaddr.o)
                                         0x78 (size before relaxing)
 .eh_frame      0x0000000000037e80       0x80 build/cooja/contiki-ng-cooja.a(netstack.o)
                                         0x98 (size before relaxing)
 .eh_frame      0x0000000000037f00      0x288 build/cooja/contiki-ng-cooja.a(packetbuf.o)
                                        0x2a0 (size before relaxing)
 .eh_frame      0x0000000000038188      0x1a0 build/cooja/contiki-ng-cooja.a(queuebuf.o)
                                        0x1b8 (size before relaxing)
 .eh_frame      0x0000000000038328       0x40 build/cooja/contiki-ng-cooja.a(printf.o)
                                         0x58 (size before relaxing)
 .eh_frame      0x0000000000038368       0x20 build/cooja/contiki-ng-cooja.a(putchar.o)
                                         0x38 (size before relaxing)
 .eh_frame      0x0000000000038388       0x20 build/cooja/contiki-ng-cooja.a(puts.o)
                                         0x38 (size before relaxing)
 .eh_frame      0x00000000000383a8       0x60 build/cooja/contiki-ng-cooja.a(snprintf.o)
                                         0x78 (size before relaxing)
 .eh_frame      0x0000000000038408       0x40 build/cooja/contiki-ng-cooja.a(sprintf.o)
                                         0x58 (size before relaxing)
 .eh_frame      0x0000000000038448      0x120 build/cooja/contiki-ng-cooja.a(strformat.o)
                                        0x138 (size before relaxing)
 .eh_frame      0x0000000000038568       0xe0 build/cooja/contiki-ng-cooja.a(csma.o)
                                         0xf8 (size before relaxing)
 .eh_frame      0x0000000000038648      0x2e0 build/cooja/contiki-ng-cooja.a(sicslowpan.o)
                                        0x2f8 (size before relaxing)
 .eh_frame      0x0000000000038928      0x248 build/cooja/contiki-ng-cooja.a(tcp-socket.o)
                                        0x260 (size before relaxing)
 .eh_frame      0x0000000000038b70      0x308 build/cooja/contiki-ng-cooja.a(tcpip.o)
                                        0x320 (size before relaxing)
 .eh_frame      0x0000000000038e78      0x1c0 build/cooja/contiki-ng-cooja.a(uip-ds6-nbr.o)
                                        0x1d8 (size before relaxing)
 .eh_frame      0x0000000000039038      0x240 build/cooja/contiki-ng-cooja.a(uip-ds6-route.o)
                                        0x258 (size before relaxing)
 .eh_frame      0x0000000000039278      0x328 build/cooja/contiki-ng-cooja.a(uip-ds6.o)
                                        0x340 (size before relaxing)
 .eh_frame      0x00000000000395a0       0xe0 build/cooja/contiki-ng-cooja.a(uip-packetqueue.o)
                                         0xf8 (size before relaxing)
 .eh_frame      0x0000000000039680      0x2b0 build/cooja/contiki-ng-cooja.a(uip6.o)
                                        0x2c8 (size before relaxing)
 .eh_frame      0x0000000000039930      0x200 build/cooja/contiki-ng-cooja.a(uipbuf.o)
                                        0x218 (size before relaxing)
 .eh_frame      0x0000000000039b30       0x80 build/cooja/contiki-ng-cooja.a(uiplib.o)
                                         0x98 (size before relaxing)
 .eh_frame      0x0000000000039bb0      0x1e0 build/cooja/contiki-ng-cooja.a(rpl.o)
                                        0x1f8 (size before relaxing)
 .eh_frame      0x0000000000039d90       0xa0 build/cooja/contiki-ng-cooja.a(watchdog.o)
                                         0xb8 (size before relaxing)
 .eh_frame      0x0000000000039e30       0x80 build/cooja/contiki-ng-cooja.a(int-master.o)
                                         0x98 (size before relaxing)
 .eh_frame      0x0000000000039eb0       0xc0 build/cooja/contiki-ng-cooja.a(stimer.o)
                                         0xd8 (size before relaxing)
 .eh_frame      0x0000000000039f70       0xa0 build/cooja/contiki-ng-cooja.a(memb.o)
                                         0xb8 (size before relaxing)
 .eh_frame      0x000000000003a010       0xa0 build/cooja/contiki-ng-cooja.a(ringbuf.o)
                                         0xb8 (size before relaxing)
 .eh_frame      0x000000000003a0b0      0x120 build/cooja/contiki-ng-cooja.a(link-stats.o)
                                        0x138 (size before relaxing)
 .eh_frame      0x000000000003a1d0      0x3e0 build/cooja/contiki-ng-cooja.a(nbr-table.o)
                                        0x3f8 (size before relaxing)
 .eh_frame      0x000000000003a5b0       0x48 build/cooja/contiki-ng-cooja.a(mac-sequence.o)
                                         0x60 (size before relaxing)
 .eh_frame      0x000000000003a5f8       0xa8 build/cooja/contiki-ng-cooja.a(framer-802154.o)
                                         0xc0 (size before relaxing)
 .eh_frame      0x000000000003a6a0      0x1c8 build/cooja/contiki-ng-cooja.a(csma-output.o)
                                        0x1e0 (size before relaxing)
 .eh_frame      0x000000000003a868       0x40 build/cooja/contiki-ng-cooja.a(csma-security.o)
                                         0x58 (size before relaxing)
 .eh_frame      0x000000000003a8a8      0x148 build/cooja/contiki-ng-cooja.a(uip-icmp6.o)
                                        0x160 (size before relaxing)
 .eh_frame      0x000000000003a9f0       0x80 build/cooja/contiki-ng-cooja.a(uip-nd6.o)
                                         0x98 (size before relaxing)
 .eh_frame      0x000000000003aa70      0x180 build/cooja/contiki-ng-cooja.a(uip-sr.o)
                                        0x198 (size before relaxing)
 .eh_frame      0x000000000003abf0       0xa0 build/cooja/contiki-ng-cooja.a(rpl-dag-root.o)
                                         0xb8 (size before relaxing)
 .eh_frame      0x000000000003ac90      0x360 build/cooja/contiki-ng-cooja.a(rpl-dag.o)
                                        0x378 (size before relaxing)
 .eh_frame      0x000000000003aff0      0x128 build/cooja/contiki-ng-cooja.a(rpl-ext-header.o)
                                        0x140 (size before relaxing)
 .eh_frame      0x000000000003b118      0x1c0 build/cooja/contiki-ng-cooja.a(rpl-icmp6.o)
                                        0x1d8 (size before relaxing)
 .eh_frame      0x000000000003b2d8      0x148 build/cooja/contiki-ng-cooja.a(rpl-mrhof.o)
                                        0x160 (size before relaxing)
 .eh_frame      0x000000000003b420       0x40 build/cooja/contiki-ng-cooja.a(rpl-nbr-policy.o)
                                         0x58 (size before relaxing)
 .eh_frame      0x000000000003b460      0x2b0 build/cooja/contiki-ng-cooja.a(rpl-neighbor.o)
                                        0x2c8 (size before relaxing)
 .eh_frame      0x000000000003b710      0x3a8 build/cooja/contiki-ng-cooja.a(rpl-timers.o)
                                        0x3c0 (size before relaxing)
 .eh_frame      0x000000000003bab8       0x20 build/cooja/contiki-ng-cooja.a(assert.o)
                                         0x38 (size before relaxing)
 .eh_frame      0x000000000003bad8       0x20 build/cooja/contiki-ng-cooja.a(mac.o)
                                         0x38 (size before relaxing)
 .eh_frame      0x000000000003baf8      0x1a4 build/cooja/contiki-ng-cooja.a(frame802154.o)
                                        0x1c0 (size before relaxing)
 .eh_frame      0x000000000003bc9c        0x4 /usr/lib/gcc/x86_64-linux-gnu/11/crtendS.o
 *(.eh_frame.*)

.gcc_except_table
 *(.gcc_except_table .gcc_except_table.*)

.gnu_extab
 *(.gnu_extab*)

.exception_ranges
 *(.exception_ranges*)
                0x000000000003d6d0                . = DATA_SEGMENT_ALIGN (CONSTANT (MAXPAGESIZE), CONSTANT (COMMONPAGESIZE))

.eh_frame
 *(.eh_frame)
 *(.eh_frame.*)

.gnu_extab
 *(.gnu_extab)

.gcc_except_table
 *(.gcc_except_table .gcc_except_table.*)

.exception_ranges
 *(.exception_ranges*)

.tdata
 *(.tdata .tdata.* .gnu.linkonce.td.*)

.tbss
 *(.tbss .tbss.* .gnu.linkonce.tb.*)
 *(.tcommon)

.preinit_array
 *(.preinit_array)

.init_array     0x000000000003d6d0        0x8
 *(SORT_BY_INIT_PRIORITY(.init_array.*) SORT_BY_INIT_PRIORITY(.ctors.*))
 *(.init_array EXCLUDE_FILE(*crtend?.o *crtend.o *crtbegin?.o *crtbegin.o) .ctors)
 .init_array    0x000000000003d6d0        0x8 /usr/lib/gcc/x86_64-linux-gnu/11/crtbeginS.o

.fini_array     0x000000000003d6d8        0x8
 *(SORT_BY_INIT_PRIORITY(.fini_array.*) SORT_BY_INIT_PRIORITY(.dtors.*))
 *(.fini_array EXCLUDE_FILE(*crtend?.o *crtend.o *crtbegin?.o *crtbegin.o) .dtors)
 .fini_array    0x000000000003d6d8        0x8 /usr/lib/gcc/x86_64-linux-gnu/11/crtbeginS.o

.ctors
 *crtbegin.o(.ctors)
 *crtbegin?.o(.ctors)
 *(EXCLUDE_FILE(*crtend?.o *crtend.o) .ctors)
 *(SORT_BY_NAME(.ctors.*))
 *(.ctors)

.dtors
 *crtbegin.o(.dtors)
 *crtbegin?.o(.dtors)
 *(EXCLUDE_FILE(*crtend?.o *crtend.o) .dtors)
 *(SORT_BY_NAME(.dtors.*))
 *(.dtors)

.jcr
 *(.jcr)

.data.rel.ro    0x000000000003d6e0      0x350
 *(.data.rel.ro.local* .gnu.linkonce.d.rel.ro.local.*)
 .data.rel.ro.local
                0x000000000003d6e0       0x10 build/cooja/contiki-ng-cooja.a(beep.o)
                0x000000000003d6e0                beep_interface
 .data.rel.ro.local
                0x000000000003d6f0       0x10 build/cooja/contiki-ng-cooja.a(leds-arch.o)
                0x000000000003d6f0                leds_interface
 .data.rel.ro.local
                0x000000000003d700       0x10 build/cooja/contiki-ng-cooja.a(moteid.o)
                0x000000000003d700                moteid_interface
 *fill*         0x000000000003d710       0x10 
 .data.rel.ro.local
                0x000000000003d720       0x40 build/cooja/contiki-ng-cooja.a(pir-sensor.o)
                0x000000000003d720                pir_interface
                0x000000000003d740                pir_sensor
 .data.rel.ro.local
                0x000000000003d760       0x10 build/cooja/contiki-ng-cooja.a(rs232.o)
                0x000000000003d760                rs232_interface
 *fill*         0x000000000003d770       0x10 
 .data.rel.ro.local
                0x000000000003d780       0x40 build/cooja/contiki-ng-cooja.a(vib-sensor.o)
                0x000000000003d780                vib_interface
                0x000000000003d7a0                vib_sensor
 .data.rel.ro.local
                0x000000000003d7c0       0x10 build/cooja/contiki-ng-cooja.a(clock.o)
                0x000000000003d7c0                clock_interface
 .data.rel.ro.local
                0x000000000003d7d0       0x10 build/cooja/contiki-ng-cooja.a(cooja-log.o)
                0x000000000003d7d0                simlog_interface
 .data.rel.ro.local
                0x000000000003d7e0       0x10 build/cooja/contiki-ng-cooja.a(cfs-cooja.o)
                0x000000000003d7e0                cfs_interface
 *fill*         0x000000000003d7f0       0x10 
 .data.rel.ro.local
                0x000000000003d800       0x90 build/cooja/contiki-ng-cooja.a(cooja-radio.o)
                0x000000000003d800                radio_interface
                0x000000000003d820                cooja_radio_driver
 .data.rel.ro.local
                0x000000000003d890       0x10 build/cooja/contiki-ng-cooja.a(eeprom.o)
                0x000000000003d890                eeprom_interface
 .data.rel.ro.local
                0x000000000003d8a0       0x40 build/cooja/contiki-ng-cooja.a(buttons.o)
                0x000000000003d8a0                button_interface
                0x000000000003d8c0                button_sensor
 .data.rel.ro.local
                0x000000000003d8e0       0x38 build/cooja/contiki-ng-cooja.a(csma.o)
                0x000000000003d8e0                csma_driver
 *fill*         0x000000000003d918        0x8 
 .data.rel.ro.local
                0x000000000003d920       0x18 build/cooja/contiki-ng-cooja.a(framer-802154.o)
                0x000000000003d920                framer_802154
 *(.data.rel.ro .data.rel.ro.* .gnu.linkonce.d.rel.ro.*)
 .data.rel.ro   0x000000000003d938        0x0 /usr/lib/gcc/x86_64-linux-gnu/11/../../../x86_64-linux-gnu/crti.o
 *fill*         0x000000000003d938        0x8 
 .data.rel.ro   0x000000000003d940       0x10 tpSensors.o
                0x000000000003d940                autostart_processes
 *fill*         0x000000000003d950       0x10 
 .data.rel.ro   0x000000000003d960       0x20 build/cooja/contiki-ng-cooja.a(sicslowpan.o)
                0x000000000003d960                sicslowpan_driver
 .data.rel.ro   0x000000000003d980       0xa8 build/cooja/contiki-ng-cooja.a(rpl.o)
                0x000000000003d980                rpl_lite_driver
 .data.rel.ro   0x000000000003da28        0x8 build/cooja/contiki-ng-cooja.a(rpl-dag.o)

.dynamic        0x000000000003da30      0x1c0
 *(.dynamic)
 .dynamic       0x000000000003da30      0x1c0 /usr/lib/gcc/x86_64-linux-gnu/11/../../../x86_64-linux-gnu/crti.o
                0x000000000003da30                _DYNAMIC

.got            0x000000000003dbf0      0x400
 *(.got)
 .got           0x000000000003dbf0      0x400 /usr/lib/gcc/x86_64-linux-gnu/11/../../../x86_64-linux-gnu/crti.o
 *(.igot)
                0x000000000003efe8                . = DATA_SEGMENT_RELRO_END (., (SIZEOF (.got.plt) >= 0x18)?0x18:0x0)

.got.plt        0x000000000003e000      0xbc8
 *(.got.plt)
 .got.plt       0x000000000003e000      0xbc8 /usr/lib/gcc/x86_64-linux-gnu/11/../../../x86_64-linux-gnu/crti.o
                0x000000000003e000                _GLOBAL_OFFSET_TABLE_
 *(.igot.plt)

.data           0x000000000003ebe0      0x812
 *(.data .data.* .gnu.linkonce.d.*)
 .data          0x000000000003ebe0        0x0 /usr/lib/gcc/x86_64-linux-gnu/11/../../../x86_64-linux-gnu/crti.o
 .data          0x000000000003ebe0        0x0 /usr/lib/gcc/x86_64-linux-gnu/11/crtbeginS.o
 .data.rel.local
                0x000000000003ebe0        0x8 /usr/lib/gcc/x86_64-linux-gnu/11/crtbeginS.o
                0x000000000003ebe0                __dso_handle
 .data          0x000000000003ebe8        0x4 tpSensors.o
                0x000000000003ebe8                subzone
 *fill*         0x000000000003ebec       0x14 
 .data.rel.local
                0x000000000003ec00       0x40 tpSensors.o
                0x000000000003ec20                sensRead
 .data          0x000000000003ec40        0x0 build/cooja/mtype227498609.o
 .data.rel      0x000000000003ec40       0xa0 build/cooja/mtype227498609.o
                0x000000000003ec40                simInterfaces
                0x000000000003ecc0                sensors
 .data          0x000000000003ece0        0x0 build/cooja/contiki-ng-cooja.a(simEnvChange.o)
 .data          0x000000000003ece0        0x0 build/cooja/contiki-ng-cooja.a(cooja_mt.o)
 .data          0x000000000003ece0        0x0 build/cooja/contiki-ng-cooja.a(cooja_mtarch.o)
 .data          0x000000000003ece0        0x0 build/cooja/contiki-ng-cooja.a(rtimer-arch.o)
 .data          0x000000000003ece0        0x0 build/cooja/contiki-ng-cooja.a(beep.o)
 .data          0x000000000003ece0        0x0 build/cooja/contiki-ng-cooja.a(leds-arch.o)
 .data          0x000000000003ece0        0x0 build/cooja/contiki-ng-cooja.a(moteid.o)
 .data          0x000000000003ece0        0x0 build/cooja/contiki-ng-cooja.a(pir-sensor.o)
 .data          0x000000000003ece0        0x0 build/cooja/contiki-ng-cooja.a(rs232.o)
 .data          0x000000000003ece0        0x0 build/cooja/contiki-ng-cooja.a(vib-sensor.o)
 .data          0x000000000003ece0        0x0 build/cooja/contiki-ng-cooja.a(clock.o)
 .data          0x000000000003ece0        0x0 build/cooja/contiki-ng-cooja.a(cooja-log.o)
 .data          0x000000000003ece0        0x0 build/cooja/contiki-ng-cooja.a(cfs-cooja.o)
 .data          0x000000000003ece0       0x20 build/cooja/contiki-ng-cooja.a(cooja-radio.o)
                0x000000000003ece0                simRadioHWOn
                0x000000000003ece4                simSignalStrength
                0x000000000003ece8                simLastSignalStrength
                0x000000000003ecec                simPower
                0x000000000003ecf0                simRadioChannel
                0x000000000003ecf4                simLQI
                0x000000000003ecf8                simLastLQI
 .data.rel.local
                0x000000000003ed00       0x20 build/cooja/contiki-ng-cooja.a(cooja-radio.o)
                0x000000000003ed00                cooja_radio_process
 .data          0x000000000003ed20        0x0 build/cooja/contiki-ng-cooja.a(eeprom.o)
 .data          0x000000000003ed20        0x0 build/cooja/contiki-ng-cooja.a(random.o)
 .data          0x000000000003ed20        0x0 build/cooja/contiki-ng-cooja.a(sensors.o)
 .data.rel.local
                0x000000000003ed20       0x20 build/cooja/contiki-ng-cooja.a(sensors.o)
                0x000000000003ed20                sensors_process
 .data          0x000000000003ed40        0x0 build/cooja/contiki-ng-cooja.a(leds.o)
 .data          0x000000000003ed40        0x0 build/cooja/contiki-ng-cooja.a(gpio-hal-arch.o)
 .data          0x000000000003ed40        0x1 build/cooja/contiki-ng-cooja.a(buttons.o)
                0x000000000003ed40                simButtonIsActive
 *fill*         0x000000000003ed41       0x1f 
 .data.rel.local
                0x000000000003ed60       0xb0 build/cooja/contiki-ng-cooja.a(buttons.o)
                0x000000000003ee00                button_hal_buttons
 .data          0x000000000003ee10        0x0 build/cooja/contiki-ng-cooja.a(mqtt.o)
 *fill*         0x000000000003ee10       0x10 
 .data.rel.local
                0x000000000003ee20       0x40 build/cooja/contiki-ng-cooja.a(mqtt.o)
                0x000000000003ee40                mqtt_process
 .data          0x000000000003ee60        0x0 build/cooja/contiki-ng-cooja.a(contiki-main.o)
 .data          0x000000000003ee60        0x0 build/cooja/contiki-ng-cooja.a(autostart.o)
 .data          0x000000000003ee60        0x0 build/cooja/contiki-ng-cooja.a(ctimer.o)
 .data.rel.local
                0x000000000003ee60       0x40 build/cooja/contiki-ng-cooja.a(ctimer.o)
                0x000000000003ee80                ctimer_process
 .data          0x000000000003eea0        0x0 build/cooja/contiki-ng-cooja.a(energest.o)
 .data          0x000000000003eea0        0x0 build/cooja/contiki-ng-cooja.a(etimer.o)
 .data.rel.local
                0x000000000003eea0       0x20 build/cooja/contiki-ng-cooja.a(etimer.o)
                0x000000000003eea0                etimer_process
 .data          0x000000000003eec0        0x4 build/cooja/contiki-ng-cooja.a(log.o)
                0x000000000003eec0                curr_log_level_main
 *fill*         0x000000000003eec4       0x1c 
 .data.rel      0x000000000003eee0      0x138 build/cooja/contiki-ng-cooja.a(log.o)
                0x000000000003eee0                all_modules
 .data          0x000000000003f018        0x0 build/cooja/contiki-ng-cooja.a(node-id.o)
 .data          0x000000000003f018        0x0 build/cooja/contiki-ng-cooja.a(process.o)
 .data          0x000000000003f018        0x0 build/cooja/contiki-ng-cooja.a(rtimer.o)
 .data          0x000000000003f018        0x0 build/cooja/contiki-ng-cooja.a(timer.o)
 .data          0x000000000003f018        0x0 build/cooja/contiki-ng-cooja.a(list.o)
 .data          0x000000000003f018        0x0 build/cooja/contiki-ng-cooja.a(button-hal.o)
 *fill*         0x000000000003f018        0x8 
 .data.rel.local
                0x000000000003f020       0x20 build/cooja/contiki-ng-cooja.a(button-hal.o)
                0x000000000003f020                button_hal_process
 .data          0x000000000003f040        0x0 build/cooja/contiki-ng-cooja.a(gpio-hal.o)
 .data.rel.local
                0x000000000003f040        0x8 build/cooja/contiki-ng-cooja.a(gpio-hal.o)
 .data          0x000000000003f048        0x0 build/cooja/contiki-ng-cooja.a(serial-line.o)
 *fill*         0x000000000003f048       0x18 
 .data.rel.local
                0x000000000003f060       0x20 build/cooja/contiki-ng-cooja.a(serial-line.o)
                0x000000000003f060                serial_line_process
 .data          0x000000000003f080        0x0 build/cooja/contiki-ng-cooja.a(linkaddr.o)
 .data          0x000000000003f080        0x0 build/cooja/contiki-ng-cooja.a(netstack.o)
 .data.rel.local
                0x000000000003f080        0x8 build/cooja/contiki-ng-cooja.a(netstack.o)
 .data          0x000000000003f088        0x0 build/cooja/contiki-ng-cooja.a(packetbuf.o)
 .data.rel.local
                0x000000000003f088        0x8 build/cooja/contiki-ng-cooja.a(packetbuf.o)
 .data          0x000000000003f090        0x0 build/cooja/contiki-ng-cooja.a(queuebuf.o)
 .data.rel.local
                0x000000000003f090       0x38 build/cooja/contiki-ng-cooja.a(queuebuf.o)
 .data          0x000000000003f0c8        0x0 build/cooja/contiki-ng-cooja.a(printf.o)
 *fill*         0x000000000003f0c8        0x8 
 .data.rel.local
                0x000000000003f0d0       0x10 build/cooja/contiki-ng-cooja.a(printf.o)
 .data          0x000000000003f0e0        0x0 build/cooja/contiki-ng-cooja.a(putchar.o)
 .data          0x000000000003f0e0        0x0 build/cooja/contiki-ng-cooja.a(puts.o)
 .data          0x000000000003f0e0        0x0 build/cooja/contiki-ng-cooja.a(snprintf.o)
 .data          0x000000000003f0e0        0x0 build/cooja/contiki-ng-cooja.a(sprintf.o)
 .data          0x000000000003f0e0        0x0 build/cooja/contiki-ng-cooja.a(strformat.o)
 .data          0x000000000003f0e0        0x0 build/cooja/contiki-ng-cooja.a(csma.o)
 .data          0x000000000003f0e0        0x0 build/cooja/contiki-ng-cooja.a(sicslowpan.o)
 .data          0x000000000003f0e0        0x0 build/cooja/contiki-ng-cooja.a(tcp-socket.o)
 .data.rel.local
                0x000000000003f0e0       0x40 build/cooja/contiki-ng-cooja.a(tcp-socket.o)
                0x000000000003f100                tcp_socket_process
 .data          0x000000000003f120        0x0 build/cooja/contiki-ng-cooja.a(tcpip.o)
 .data.rel.local
                0x000000000003f120       0x20 build/cooja/contiki-ng-cooja.a(tcpip.o)
                0x000000000003f120                tcpip_process
 .data          0x000000000003f140        0x0 build/cooja/contiki-ng-cooja.a(uip-ds6-nbr.o)
 .data.rel.local
                0x000000000003f140       0x20 build/cooja/contiki-ng-cooja.a(uip-ds6-nbr.o)
 .data          0x000000000003f160        0x0 build/cooja/contiki-ng-cooja.a(uip-ds6-route.o)
 .data.rel.local
                0x000000000003f160       0x28 build/cooja/contiki-ng-cooja.a(uip-ds6-route.o)
 .data          0x000000000003f188        0x0 build/cooja/contiki-ng-cooja.a(uip-ds6.o)
 .data          0x000000000003f188        0x0 build/cooja/contiki-ng-cooja.a(uip-packetqueue.o)
 *fill*         0x000000000003f188        0x8 
 .data.rel.local
                0x000000000003f190       0x18 build/cooja/contiki-ng-cooja.a(uip-packetqueue.o)
 .data          0x000000000003f1a8        0x0 build/cooja/contiki-ng-cooja.a(uip6.o)
 .data          0x000000000003f1a8        0x0 build/cooja/contiki-ng-cooja.a(uipbuf.o)
 .data          0x000000000003f1a8        0x0 build/cooja/contiki-ng-cooja.a(uiplib.o)
 .data          0x000000000003f1a8        0x0 build/cooja/contiki-ng-cooja.a(rpl.o)
 .data          0x000000000003f1a8        0x0 build/cooja/contiki-ng-cooja.a(watchdog.o)
 .data          0x000000000003f1a8        0x0 build/cooja/contiki-ng-cooja.a(int-master.o)
 .data          0x000000000003f1a8        0x0 build/cooja/contiki-ng-cooja.a(stimer.o)
 .data          0x000000000003f1a8        0x0 build/cooja/contiki-ng-cooja.a(memb.o)
 .data          0x000000000003f1a8        0x0 build/cooja/contiki-ng-cooja.a(ringbuf.o)
 .data          0x000000000003f1a8        0x0 build/cooja/contiki-ng-cooja.a(link-stats.o)
 *fill*         0x000000000003f1a8        0x8 
 .data.rel.local
                0x000000000003f1b0       0x20 build/cooja/contiki-ng-cooja.a(link-stats.o)
 .data          0x000000000003f1d0        0x0 build/cooja/contiki-ng-cooja.a(nbr-table.o)
 .data.rel.local
                0x000000000003f1d0       0x20 build/cooja/contiki-ng-cooja.a(nbr-table.o)
 .data          0x000000000003f1f0        0x0 build/cooja/contiki-ng-cooja.a(mac-sequence.o)
 .data          0x000000000003f1f0        0x0 build/cooja/contiki-ng-cooja.a(framer-802154.o)
 .data          0x000000000003f1f0        0x0 build/cooja/contiki-ng-cooja.a(csma-output.o)
 .data.rel.local
                0x000000000003f1f0       0x60 build/cooja/contiki-ng-cooja.a(csma-output.o)
 .data          0x000000000003f250        0x0 build/cooja/contiki-ng-cooja.a(csma-security.o)
 .data          0x000000000003f250        0x0 build/cooja/contiki-ng-cooja.a(uip-icmp6.o)
 .data.rel.local
                0x000000000003f250       0x48 build/cooja/contiki-ng-cooja.a(uip-icmp6.o)
 .data          0x000000000003f298        0x0 build/cooja/contiki-ng-cooja.a(uip-nd6.o)
 *fill*         0x000000000003f298        0x8 
 .data.rel.local
                0x000000000003f2a0       0x18 build/cooja/contiki-ng-cooja.a(uip-nd6.o)
 .data          0x000000000003f2b8        0x0 build/cooja/contiki-ng-cooja.a(uip-sr.o)
 *fill*         0x000000000003f2b8        0x8 
 .data.rel.local
                0x000000000003f2c0       0x28 build/cooja/contiki-ng-cooja.a(uip-sr.o)
 .data          0x000000000003f2e8        0x0 build/cooja/contiki-ng-cooja.a(rpl-dag-root.o)
 .data          0x000000000003f2e8        0x0 build/cooja/contiki-ng-cooja.a(rpl-dag.o)
 .data          0x000000000003f2e8        0x0 build/cooja/contiki-ng-cooja.a(rpl-ext-header.o)
 .data          0x000000000003f2e8        0x0 build/cooja/contiki-ng-cooja.a(rpl-icmp6.o)
 *fill*         0x000000000003f2e8        0x8 
 .data.rel.local
                0x000000000003f2f0       0x78 build/cooja/contiki-ng-cooja.a(rpl-icmp6.o)
 .data          0x000000000003f368        0x0 build/cooja/contiki-ng-cooja.a(rpl-mrhof.o)
 *fill*         0x000000000003f368       0x18 
 .data.rel.local
                0x000000000003f380       0x48 build/cooja/contiki-ng-cooja.a(rpl-mrhof.o)
                0x000000000003f380                rpl_mrhof
 .data          0x000000000003f3c8        0x0 build/cooja/contiki-ng-cooja.a(rpl-nbr-policy.o)
 .data          0x000000000003f3c8        0x0 build/cooja/contiki-ng-cooja.a(rpl-neighbor.o)
 *fill*         0x000000000003f3c8        0x8 
 .data.rel.local
                0x000000000003f3d0       0x20 build/cooja/contiki-ng-cooja.a(rpl-neighbor.o)
                0x000000000003f3e8                rpl_neighbors
 .data          0x000000000003f3f0        0x0 build/cooja/contiki-ng-cooja.a(rpl-timers.o)
 .data          0x000000000003f3f0        0x0 build/cooja/contiki-ng-cooja.a(assert.o)
 .data          0x000000000003f3f0        0x0 build/cooja/contiki-ng-cooja.a(mac.o)
 .data          0x000000000003f3f0        0x2 build/cooja/contiki-ng-cooja.a(frame802154.o)
 .data          0x000000000003f3f2        0x0 /usr/lib/gcc/x86_64-linux-gnu/11/crtendS.o
 .data          0x000000000003f3f2        0x0 /usr/lib/gcc/x86_64-linux-gnu/11/../../../x86_64-linux-gnu/crtn.o

.tm_clone_table
                0x000000000003f3f8        0x0
 .tm_clone_table
                0x000000000003f3f8        0x0 /usr/lib/gcc/x86_64-linux-gnu/11/crtbeginS.o
 .tm_clone_table
                0x000000000003f3f8        0x0 /usr/lib/gcc/x86_64-linux-gnu/11/crtendS.o

.data1
 *(.data1)
                [!provide]                        PROVIDE (_edata = .)
                [!provide]                        PROVIDE (edata = .)
                0x000000000003f3f8                . = .
                [!provide]                        PROVIDE (__bss_start = .)

.bss            0x000000000003f400    0x182c0
 *(.dynbss)
 .dynbss        0x000000000003f400        0x0 /usr/lib/gcc/x86_64-linux-gnu/11/../../../x86_64-linux-gnu/crti.o
 *(.bss .bss.* .gnu.linkonce.b.*)
 .bss           0x000000000003f400        0x0 /usr/lib/gcc/x86_64-linux-gnu/11/../../../x86_64-linux-gnu/crti.o
 .bss           0x000000000003f400        0x1 /usr/lib/gcc/x86_64-linux-gnu/11/crtbeginS.o
 *fill*         0x000000000003f401       0x1f 
 .bss           0x000000000003f420      0xc04 tpSensors.o
                0x000000000003f420                cp
 *fill*         0x0000000000040024       0x1c 
 .bss           0x0000000000040040     0x4060 build/cooja/mtype227498609.o
                0x0000000000040040                sensors_flags
                0x0000000000040048                referenceVar
 .bss           0x00000000000440a0       0x18 build/cooja/contiki-ng-cooja.a(simEnvChange.o)
                0x00000000000440a0                simDontFallAsleep
                0x00000000000440a4                simProcessRunValue
                0x00000000000440a8                simEtimerPending
                0x00000000000440b0                simEtimerNextExpirationTime
 .bss           0x00000000000440b8        0x8 build/cooja/contiki-ng-cooja.a(cooja_mt.o)
 .bss           0x00000000000440c0        0x8 build/cooja/contiki-ng-cooja.a(cooja_mtarch.o)
 .bss           0x00000000000440c8       0x18 build/cooja/contiki-ng-cooja.a(rtimer-arch.o)
                0x00000000000440c8                simRtimerPending
                0x00000000000440d0                simRtimerNextExpirationTime
                0x00000000000440d8                simRtimerCurrentTicks
 .bss           0x00000000000440e0        0x1 build/cooja/contiki-ng-cooja.a(beep.o)
                0x00000000000440e0                simBeeped
 .bss           0x00000000000440e1        0x1 build/cooja/contiki-ng-cooja.a(leds-arch.o)
                0x00000000000440e1                simLedsValue
 *fill*         0x00000000000440e2        0x2 
 .bss           0x00000000000440e4        0xc build/cooja/contiki-ng-cooja.a(moteid.o)
                0x00000000000440e4                simMoteID
                0x00000000000440e8                simMoteIDChanged
                0x00000000000440ec                simRandomSeed
 .bss           0x00000000000440f0        0x3 build/cooja/contiki-ng-cooja.a(pir-sensor.o)
                0x00000000000440f0                simPirChanged
                0x00000000000440f1                simPirIsActive
                0x00000000000440f2                simPirValue
 *fill*         0x00000000000440f3        0xd 
 .bss           0x0000000000044100      0x810 build/cooja/contiki-ng-cooja.a(rs232.o)
                0x0000000000044100                simSerialReceivingData
                0x0000000000044900                simSerialReceivingLength
                0x0000000000044904                simSerialReceivingFlag
 .bss           0x0000000000044910        0x3 build/cooja/contiki-ng-cooja.a(vib-sensor.o)
                0x0000000000044910                simVibChanged
                0x0000000000044911                simVibIsActive
                0x0000000000044912                simVibValue
 *fill*         0x0000000000044913        0x5 
 .bss           0x0000000000044918        0x8 build/cooja/contiki-ng-cooja.a(clock.o)
                0x0000000000044918                simCurrentTime
 .bss           0x0000000000044920     0x200d build/cooja/contiki-ng-cooja.a(cooja-log.o)
                0x0000000000044920                simLoggedData
                0x0000000000046920                simLoggedLength
                0x0000000000046924                simLoggedFlag
 *fill*         0x000000000004692d       0x13 
 .bss           0x0000000000046940      0xfc0 build/cooja/contiki-ng-cooja.a(cfs-cooja.o)
                0x0000000000046940                simCFSData
                0x00000000000478e0                simCFSSize
                0x00000000000478e4                simCFSChanged
                0x00000000000478e8                simCFSRead
                0x00000000000478ec                simCFSWritten
 .bss           0x0000000000047900      0x15c build/cooja/contiki-ng-cooja.a(cooja-radio.o)
                0x0000000000047900                simReceiving
                0x0000000000047920                simInDataBuffer
                0x00000000000479a0                simInSize
                0x00000000000479a8                simLastPacketTimestamp
                0x00000000000479c0                simOutDataBuffer
                0x0000000000047a40                simOutSize
 *fill*         0x0000000000047a5c        0x4 
 .bss           0x0000000000047a60      0x40c build/cooja/contiki-ng-cooja.a(eeprom.o)
                0x0000000000047a60                simEEPROMData
                0x0000000000047e60                simEEPROMChanged
                0x0000000000047e64                simEEPROMRead
                0x0000000000047e68                simEEPROMWritten
 .bss           0x0000000000047e6c        0x0 build/cooja/contiki-ng-cooja.a(random.o)
 .bss           0x0000000000047e6c        0xc build/cooja/contiki-ng-cooja.a(sensors.o)
                0x0000000000047e6c                sensors_event
 .bss           0x0000000000047e78        0x0 build/cooja/contiki-ng-cooja.a(leds.o)
 *fill*         0x0000000000047e78        0x8 
 .bss           0x0000000000047e80       0x40 build/cooja/contiki-ng-cooja.a(gpio-hal-arch.o)
 .bss           0x0000000000047ec0        0x2 build/cooja/contiki-ng-cooja.a(buttons.o)
                0x0000000000047ec0                simButtonChanged
                0x0000000000047ec1                simButtonIsDown
 *fill*         0x0000000000047ec2        0x6 
 .bss           0x0000000000047ec8       0x21 build/cooja/contiki-ng-cooja.a(mqtt.o)