Archive member included to satisfy reference by file (symbol)

build/cooja/contiki-ng-cooja.a(simEnvChange.o)
                              build/cooja/mtype821794474.o (simDontFallAsleep)
build/cooja/contiki-ng-cooja.a(cooja_mt.o)
                              build/cooja/mtype821794474.o (cooja_mt_start)
build/cooja/contiki-ng-cooja.a(cooja_mtarch.o)
                              build/cooja/contiki-ng-cooja.a(cooja_mt.o) (cooja_mtarch_start)
build/cooja/contiki-ng-cooja.a(rtimer-arch.o)
                              build/cooja/mtype821794474.o (rtimer_arch_check)
build/cooja/contiki-ng-cooja.a(beep.o)
                              build/cooja/mtype821794474.o (beep_interface)
build/cooja/contiki-ng-cooja.a(leds-arch.o)
                              build/cooja/mtype821794474.o (leds_interface)
build/cooja/contiki-ng-cooja.a(moteid.o)
                              build/cooja/mtype821794474.o (moteid_interface)
build/cooja/contiki-ng-cooja.a(pir-sensor.o)
                              build/cooja/mtype821794474.o (pir_interface)
build/cooja/contiki-ng-cooja.a(rs232.o)
                              build/cooja/mtype821794474.o (rs232_interface)
build/cooja/contiki-ng-cooja.a(vib-sensor.o)
                              build/cooja/mtype821794474.o (vib_interface)
build/cooja/contiki-ng-cooja.a(clock.o)
                              build/cooja/mtype821794474.o (clock_interface)
build/cooja/contiki-ng-cooja.a(cooja-log.o)
                              build/cooja/mtype821794474.o (simlog_interface)
build/cooja/contiki-ng-cooja.a(cfs-cooja.o)
                              build/cooja/mtype821794474.o (cfs_interface)
build/cooja/contiki-ng-cooja.a(cooja-radio.o)
                              build/cooja/mtype821794474.o (radio_interface)
build/cooja/contiki-ng-cooja.a(eeprom.o)
                              build/cooja/mtype821794474.o (eeprom_interface)
build/cooja/contiki-ng-cooja.a(random.o)
                              build/cooja/contiki-ng-cooja.a(moteid.o) (random_init)
build/cooja/contiki-ng-cooja.a(sensors.o)
                              build/cooja/contiki-ng-cooja.a(pir-sensor.o) (sensors_changed)
build/cooja/contiki-ng-cooja.a(leds.o)
                              build/cooja/contiki-ng-cooja.a(leds-arch.o) (leds_get)
build/cooja/contiki-ng-cooja.a(gpio-hal-arch.o)
                              build/cooja/contiki-ng-cooja.a(leds-arch.o) (gpio_hal_arch_register_pin_callback)
build/cooja/contiki-ng-cooja.a(buttons.o)
                              build/cooja/mtype821794474.o (button_interface)
build/cooja/contiki-ng-cooja.a(mqtt.o)
                              tempSensor.o (mqtt_register)
build/cooja/contiki-ng-cooja.a(contiki-main.o)
                              build/cooja/mtype821794474.o (main)
build/cooja/contiki-ng-cooja.a(autostart.o)
                              build/cooja/contiki-ng-cooja.a(contiki-main.o) (autostart_start)
build/cooja/contiki-ng-cooja.a(ctimer.o)
                              build/cooja/contiki-ng-cooja.a(contiki-main.o) (ctimer_init)
build/cooja/contiki-ng-cooja.a(energest.o)
                              build/cooja/contiki-ng-cooja.a(contiki-main.o) (energest_init)
build/cooja/contiki-ng-cooja.a(etimer.o)
                              build/cooja/contiki-ng-cooja.a(contiki-main.o) (etimer_process)
build/cooja/contiki-ng-cooja.a(log.o)
                              build/cooja/contiki-ng-cooja.a(contiki-main.o) (curr_log_level_main)
build/cooja/contiki-ng-cooja.a(node-id.o)
                              build/cooja/contiki-ng-cooja.a(contiki-main.o) (node_id)
build/cooja/contiki-ng-cooja.a(process.o)
                              build/cooja/contiki-ng-cooja.a(mqtt.o) (process_current)
build/cooja/contiki-ng-cooja.a(rtimer.o)
                              build/cooja/contiki-ng-cooja.a(contiki-main.o) (rtimer_init)
build/cooja/contiki-ng-cooja.a(timer.o)
                              build/cooja/contiki-ng-cooja.a(mqtt.o) (timer_set)
build/cooja/contiki-ng-cooja.a(list.o)
                              build/cooja/contiki-ng-cooja.a(mqtt.o) (list_init)
build/cooja/contiki-ng-cooja.a(button-hal.o)
                              tempSensor.o (button_hal_get_by_index)
build/cooja/contiki-ng-cooja.a(gpio-hal.o)
                              build/cooja/contiki-ng-cooja.a(button-hal.o) (gpio_hal_register_handler)
build/cooja/contiki-ng-cooja.a(serial-line.o)
                              build/cooja/contiki-ng-cooja.a(rs232.o) (serial_line_input_byte)
build/cooja/contiki-ng-cooja.a(linkaddr.o)
                              tempSensor.o (linkaddr_node_addr)
build/cooja/contiki-ng-cooja.a(netstack.o)
                              build/cooja/contiki-ng-cooja.a(contiki-main.o) (netstack_init)
build/cooja/contiki-ng-cooja.a(packetbuf.o)
                              build/cooja/contiki-ng-cooja.a(cooja-radio.o) (packetbuf_clear)
build/cooja/contiki-ng-cooja.a(queuebuf.o)
                              build/cooja/contiki-ng-cooja.a(contiki-main.o) (queuebuf_init)
[...]
Memory Configuration

Name             Origin             Length             Attributes
*default*        0x0000000000000000 0xffffffffffffffff

Linker script and memory map

LOAD /usr/lib/gcc/x86_64-linux-gnu/11/../../../x86_64-linux-gnu/crti.o
LOAD /usr/lib/gcc/x86_64-linux-gnu/11/crtbeginS.o
LOAD tempSensor.o
LOAD build/cooja/mtype821794474.o
LOAD build/cooja/contiki-ng-cooja.a
LOAD /usr/lib/gcc/x86_64-linux-gnu/11/libgcc.a
LOAD /usr/lib/gcc/x86_64-linux-gnu/11/libgcc_s.so
START GROUP
LOAD /usr/lib/gcc/x86_64-linux-gnu/11/../../../x86_64-linux-gnu/libgcc_s.so.1
LOAD /usr/lib/gcc/x86_64-linux-gnu/11/libgcc.a
END GROUP
LOAD /usr/lib/gcc/x86_64-linux-gnu/11/../../../x86_64-linux-gnu/libc.so
START GROUP
LOAD /lib/x86_64-linux-gnu/libc.so.6
LOAD /usr/lib/x86_64-linux-gnu/libc_nonshared.a
LOAD /lib64/ld-linux-x86-64.so.2
END GROUP
LOAD /usr/lib/gcc/x86_64-linux-gnu/11/libgcc.a
LOAD /usr/lib/gcc/x86_64-linux-gnu/11/libgcc_s.so
START GROUP
LOAD /usr/lib/gcc/x86_64-linux-gnu/11/../../../x86_64-linux-gnu/libgcc_s.so.1
LOAD /usr/lib/gcc/x86_64-linux-gnu/11/libgcc.a
END GROUP
LOAD /usr/lib/gcc/x86_64-linux-gnu/11/crtendS.o
LOAD /usr/lib/gcc/x86_64-linux-gnu/11/../../../x86_64-linux-gnu/crtn.o
                0x00000000000002a8                . = (SEGMENT_START ("text-segment", 0x0) + SIZEOF_HEADERS)

.note.gnu.property
                0x00000000000002a8       0x20
 .note.gnu.property
                0x00000000000002a8       0x20 /usr/lib/gcc/x86_64-linux-gnu/11/../../../x86_64-linux-gnu/crti.o

.note.gnu.build-id
                0x00000000000002c8       0x24
 *(.note.gnu.build-id)
 .note.gnu.build-id
                0x00000000000002c8       0x24 /usr/lib/gcc/x86_64-linux-gnu/11/../../../x86_64-linux-gnu/crti.o

.hash
 *(.hash)

.gnu.hash       0x00000000000002f0     0x14c0
 *(.gnu.hash)
 .gnu.hash      0x00000000000002f0     0x14c0 /usr/lib/gcc/x86_64-linux-gnu/11/../../../x86_64-linux-gnu/crti.o

.dynsym         0x00000000000017b0     0x40c8
 *(.dynsym)
 .dynsym        0x00000000000017b0     0x40c8 /usr/lib/gcc/x86_64-linux-gnu/11/../../../x86_64-linux-gnu/crti.o

.dynstr         0x0000000000005878     0x30c5
 *(.dynstr)
 .dynstr        0x0000000000005878     0x30c5 /usr/lib/gcc/x86_64-linux-gnu/11/../../../x86_64-linux-gnu/crti.o

.gnu.version    0x000000000000893e      0x566
 *(.gnu.version)
 .gnu.version   0x000000000000893e      0x566 /usr/lib/gcc/x86_64-linux-gnu/11/../../../x86_64-linux-gnu/crti.o

.gnu.version_d  0x0000000000008ea8        0x0
 *(.gnu.version_d)
 .gnu.version_d
                0x0000000000008ea8        0x0 /usr/lib/gcc/x86_64-linux-gnu/11/../../../x86_64-linux-gnu/crti.o

.gnu.version_r  0x0000000000008ea8       0x40
 *(.gnu.version_r)
 .gnu.version_r
                0x0000000000008ea8       0x40 /usr/lib/gcc/x86_64-linux-gnu/11/../../../x86_64-linux-gnu/crti.o

.rela.dyn       0x0000000000008ee8     0x1f08
 *(.rela.init)
 *(.rela.text .rela.text.* .rela.gnu.linkonce.t.*)
 .rela.text     0x0000000000008ee8        0x0 /usr/lib/gcc/x86_64-linux-gnu/11/../../../x86_64-linux-gnu/crti.o
 *(.rela.fini)
 *(.rela.rodata .rela.rodata.* .rela.gnu.linkonce.r.*)
 *(.rela.data .rela.data.* .rela.gnu.linkonce.d.*)
 .rela.data.rel.local
                0x0000000000008ee8      0x720 /usr/lib/gcc/x86_64-linux-gnu/11/../../../x86_64-linux-gnu/crti.o
 .rela.data.rel.ro
                0x0000000000009608      0x288 /usr/lib/gcc/x86_64-linux-gnu/11/../../../x86_64-linux-gnu/crti.o
 .rela.data.rel
                0x0000000000009890      0x3a8 /usr/lib/gcc/x86_64-linux-gnu/11/../../../x86_64-linux-gnu/crti.o
 .rela.data.rel.ro.local
                0x0000000000009c38      0x5a0 /usr/lib/gcc/x86_64-linux-gnu/11/../../../x86_64-linux-gnu/crti.o
 *(.rela.tdata .rela.tdata.* .rela.gnu.linkonce.td.*)
 *(.rela.tbss .rela.tbss.* .rela.gnu.linkonce.tb.*)
 *(.rela.ctors)
 *(.rela.dtors)
 *(.rela.got)
 .rela.got      0x000000000000a1d8      0xbe8 /usr/lib/gcc/x86_64-linux-gnu/11/../../../x86_64-linux-gnu/crti.o
 *(.rela.bss .rela.bss.* .rela.gnu.linkonce.b.*)
 *(.rela.ldata .rela.ldata.* .rela.gnu.linkonce.l.*)
 *(.rela.lbss .rela.lbss.* .rela.gnu.linkonce.lb.*)
 *(.rela.lrodata .rela.lrodata.* .rela.gnu.linkonce.lr.*)
 *(.rela.ifunc)
 .rela.ifunc    0x000000000000adc0        0x0 /usr/lib/gcc/x86_64-linux-gnu/11/../../../x86_64-linux-gnu/crti.o
 .rela.fini_array
                0x000000000000adc0       0x18 /usr/lib/gcc/x86_64-linux-gnu/11/../../../x86_64-linux-gnu/crti.o
 .rela.init_array
                0x000000000000add8       0x18 /usr/lib/gcc/x86_64-linux-gnu/11/../../../x86_64-linux-gnu/crti.o

.rela.plt       0x000000000000adf0     0x2310
 *(.rela.plt)
 .rela.plt      0x000000000000adf0     0x2310 /usr/lib/gcc/x86_64-linux-gnu/11/../../../x86_64-linux-gnu/crti.o
 *(.rela.iplt)

.relr.dyn
 *(.relr.dyn)
                0x000000000000e000                . = ALIGN (CONSTANT (MAXPAGESIZE))

.init           0x000000000000e000       0x1b
 *(SORT_NONE(.init))
 .init          0x000000000000e000       0x16 /usr/lib/gcc/x86_64-linux-gnu/11/../../../x86_64-linux-gnu/crti.o
                0x000000000000e000                _init
 .init          0x000000000000e016        0x5 /usr/lib/gcc/x86_64-linux-gnu/11/../../../x86_64-linux-gnu/crtn.o

.plt            0x000000000000e020     0x1770
 *(.plt)
 .plt           0x000000000000e020     0x1770 /usr/lib/gcc/x86_64-linux-gnu/11/../../../x86_64-linux-gnu/crti.o
 *(.iplt)

.plt.got        0x000000000000f790       0x30
 *(.plt.got)
 .plt.got       0x000000000000f790       0x30 /usr/lib/gcc/x86_64-linux-gnu/11/../../../x86_64-linux-gnu/crti.o

.plt.sec        0x000000000000f7c0     0x1760
 *(.plt.sec)
 .plt.sec       0x000000000000f7c0     0x1760 /usr/lib/gcc/x86_64-linux-gnu/11/../../../x86_64-linux-gnu/crti.o

.text           0x0000000000010f20    0x2191d
 *(.text.unlikely .text.*_unlikely .text.unlikely.*)
 *(.text.exit .text.exit.*)
 *(.text.startup .text.startup.*)
 *(.text.hot .text.hot.*)
 *(SORT_BY_NAME(.text.sorted.*))
 *(.text .stub .text.* .gnu.linkonce.t.*)
 .text          0x0000000000010f20        0x0 /usr/lib/gcc/x86_64-linux-gnu/11/../../../x86_64-linux-gnu/crti.o
 .text          0x0000000000010f20       0xb9 /usr/lib/gcc/x86_64-linux-gnu/11/crtbeginS.o
 .text          0x0000000000010fd9      0xa9a tempSensor.o
 .text          0x0000000000011a73      0x374 build/cooja/mtype821794474.o
                0x0000000000011b29                platform_init_stage_one
                0x0000000000011b3e                platform_init_stage_two
                0x0000000000011b53                platform_init_stage_three
                0x0000000000011b68                platform_main_loop
                0x0000000000011c02                JNI_OnLoad
                0x0000000000011c19                Java_org_contikios_cooja_corecomm_Lib2_init
                0x0000000000011c6c                Java_org_contikios_cooja_corecomm_Lib2_getMemory
                0x0000000000011ccb                Java_org_contikios_cooja_corecomm_Lib2_setMemory
                0x0000000000011d2a                Java_org_contikios_cooja_corecomm_Lib2_tick
                0x0000000000011db8                Java_org_contikios_cooja_corecomm_Lib2_setReferenceAddress
 .text          0x0000000000011de7       0x93 build/cooja/contiki-ng-cooja.a(simEnvChange.o)
                0x0000000000011de7                doActionsBeforeTick
                0x0000000000011e30                doActionsAfterTick
 .text          0x0000000000011e7a       0xab build/cooja/contiki-ng-cooja.a(cooja_mt.o)
                0x0000000000011e7a                cooja_mt_start
                0x0000000000011eba                cooja_mt_exec
                0x0000000000011efd                cooja_mt_yield
 .text          0x0000000000011f25      0x10e build/cooja/contiki-ng-cooja.a(cooja_mtarch.o)
                0x0000000000011f25                cooja_mtarch_start
                0x0000000000011fc8                cooja_sw
                0x0000000000011ff5                cooja_mtarch_exec
                0x0000000000012023                cooja_mtarch_yield
 .text          0x0000000000012033       0xcc build/cooja/contiki-ng-cooja.a(rtimer-arch.o)
                0x0000000000012033                rtimer_arch_init
                0x0000000000012059                rtimer_arch_schedule
                0x0000000000012083                rtimer_arch_next
                0x0000000000012097                rtimer_arch_pending
                0x00000000000120aa                rtimer_arch_check
                0x00000000000120eb                rtimer_arch_now
 .text          0x00000000000120ff       0xe6 build/cooja/contiki-ng-cooja.a(beep.o)
                0x00000000000120ff                beep_alarm
                0x000000000001211a                beep_beep
                0x0000000000012132                beep
                0x0000000000012147                beep_down
                0x000000000001215f                beep_on
                0x0000000000012174                beep_off
                0x0000000000012189                beep_spinup
                0x000000000001219e                beep_quick
                0x00000000000121b6                beep_long
 .text          0x00000000000121e5       0x80 build/cooja/contiki-ng-cooja.a(leds-arch.o)
                0x00000000000121fe                leds_arch_init
 .text          0x0000000000012265       0x41 build/cooja/contiki-ng-cooja.a(moteid.o)
 .text          0x00000000000122a6       0xfa build/cooja/contiki-ng-cooja.a(pir-sensor.o)
 .text          0x00000000000123a0      0x18b build/cooja/contiki-ng-cooja.a(rs232.o)
                0x00000000000123a0                rs232_init
                0x00000000000123ab                rs232_set_speed
                0x00000000000123bb                rs232_set_input
                0x00000000000123d5                rs232_send
                0x00000000000123f4                rs232_print
                0x0000000000012422                slip_arch_writeb
 .text          0x000000000001252b       0xfa build/cooja/contiki-ng-cooja.a(vib-sensor.o)
 .text          0x0000000000012625       0x6f build/cooja/contiki-ng-cooja.a(clock.o)
                0x0000000000012625                clock_init
                0x0000000000012630                clock_time
                0x0000000000012644                clock_seconds
                0x0000000000012670                clock_delay
 .text          0x0000000000012694      0x214 build/cooja/contiki-ng-cooja.a(cooja-log.o)
                0x0000000000012694                simlog_char
                0x00000000000126ee                simlog
                0x0000000000012773                log_message
                0x00000000000127b8                log_set_putchar_with_slip
                0x00000000000127cf                dbg_putchar
                0x0000000000012850                dbg_send_bytes
 .text          0x00000000000128a8      0x39b build/cooja/contiki-ng-cooja.a(cfs-cooja.o)
                0x00000000000128a8                cfs_open
                0x0000000000012925                cfs_close
                0x000000000001293a                cfs_read
                0x0000000000012a01                cfs_write
                0x0000000000012b11                cfs_seek
                0x0000000000012bc0                cfs_remove
                0x0000000000012bf0                cfs_opendir
                0x0000000000012c07                cfs_readdir
                0x0000000000012c1e                cfs_closedir
 .text          0x0000000000012c43      0x79f build/cooja/contiki-ng-cooja.a(cooja-radio.o)
                0x0000000000012ca2                radio_set_channel
                0x0000000000012cbc                radio_set_txpower
                0x0000000000012cd9                radio_signal_strength_last
                0x0000000000012cec                radio_signal_strength_current
                0x0000000000012cff                radio_LQI
 .text          0x00000000000133e2      0x163 build/cooja/contiki-ng-cooja.a(eeprom.o)
                0x00000000000133e2                eeprom_init
                0x00000000000133f1                eeprom_read
                0x0000000000013490                eeprom_write
 .text          0x0000000000013545       0x2f build/cooja/contiki-ng-cooja.a(random.o)
                0x0000000000013545                random_init
                0x0000000000013565                random_rand
 .text          0x0000000000013574      0x35f build/cooja/contiki-ng-cooja.a(sensors.o)
                0x00000000000135bd                sensors_first
                0x00000000000135d1                sensors_next
                0x0000000000013600                sensors_changed
                0x000000000001364d                sensors_find
 .text          0x00000000000138d3      0x3ad build/cooja/contiki-ng-cooja.a(leds.o)
                0x00000000000138d3                leds_init
                0x000000000001391e                leds_single_on
                0x000000000001398b                leds_single_off
                0x00000000000139f8                leds_single_toggle
                0x0000000000013a30                leds_on
                0x0000000000013ac1                leds_off
                0x0000000000013b52                leds_toggle
                0x0000000000013bae                leds_set
                0x0000000000013bd7                leds_get
 .text          0x0000000000013c80      0x41b build/cooja/contiki-ng-cooja.a(gpio-hal-arch.o)
                0x0000000000013c80                gpio_hal_arch_register_pin_callback
                0x0000000000013d27                gpio_hal_arch_init
                0x0000000000013d7d                gpio_hal_arch_no_port_interrupt_enable
                0x0000000000013dca                gpio_hal_arch_no_port_interrupt_disable
                0x0000000000013e17                gpio_hal_arch_no_port_pin_cfg_set
                0x0000000000013e4d                gpio_hal_arch_no_port_pin_cfg_get
                0x0000000000013e81                gpio_hal_arch_no_port_pin_set_input
                0x0000000000013e94                gpio_hal_arch_no_port_pin_set_output
                0x0000000000013ea7                gpio_hal_arch_no_port_set_pin
                0x0000000000013ecb                gpio_hal_arch_no_port_clear_pin
                0x0000000000013eef                gpio_hal_arch_no_port_read_pin
                0x0000000000013f1c                gpio_hal_arch_no_port_write_pin
                0x0000000000013f46                gpio_hal_arch_no_port_set_pins
                0x0000000000013f95                gpio_hal_arch_no_port_clear_pins
                0x0000000000013fe4                gpio_hal_arch_no_port_read_pins
                0x0000000000014032                gpio_hal_arch_no_port_write_pins
 .text          0x000000000001409b       0xa8 build/cooja/contiki-ng-cooja.a(buttons.o)
 .text          0x0000000000014143     0x3e29 build/cooja/contiki-ng-cooja.a(mqtt.o)
                0x00000000000145e4                mqtt_decode_var_byte_int
                0x00000000000146e9                mqtt_encode_var_byte_int
                0x00000000000177d4                mqtt_init
                0x00000000000178ae                mqtt_register
                0x0000000000017976                mqtt_connect
                0x0000000000017ab6                mqtt_disconnect
                0x0000000000017b07                mqtt_subscribe
                0x0000000000017c10                mqtt_unsubscribe
                0x0000000000017d09                mqtt_publish
                0x0000000000017e44                mqtt_set_username_password
                0x0000000000017ef5                mqtt_set_last_will
 .text          0x0000000000017f6c      0x400 build/cooja/contiki-ng-cooja.a(contiki-main.o)
                0x0000000000017f6c                main
 .text          0x000000000001836c       0xbd build/cooja/contiki-ng-cooja.a(autostart.o)
                0x000000000001836c                autostart_start
                0x00000000000183cd                autostart_exit
 .text          0x0000000000018429      0x441 build/cooja/contiki-ng-cooja.a(ctimer.o)
                0x000000000001858b                ctimer_init
                0x00000000000185c0                ctimer_set
                0x0000000000018604                ctimer_set_with_process
                0x00000000000186be                ctimer_reset
                0x000000000001872f                ctimer_restart
                0x00000000000187a0                ctimer_stop
                0x00000000000187fe                ctimer_expired
 .text          0x000000000001886a       0x25 build/cooja/contiki-ng-cooja.a(energest.o)
                0x000000000001886a                energest_init
                0x0000000000018875                energest_flush
                0x0000000000018880                energest_get_total_time
 .text          0x000000000001888f      0x57c build/cooja/contiki-ng-cooja.a(etimer.o)
                0x0000000000018b37                etimer_request_poll
                0x0000000000018be9                etimer_set
                0x0000000000018c1f                etimer_reset_with_new_interval
                0x0000000000018c5a                etimer_reset
                0x0000000000018c85                etimer_restart
                0x0000000000018cb0                etimer_adjust
                0x0000000000018ce1                etimer_expired
                0x0000000000018d00                etimer_expiration_time
                0x0000000000018d20                etimer_start_time
                0x0000000000018d35                etimer_pending
                0x0000000000018d4f                etimer_next_expiration_time
                0x0000000000018d70                etimer_stop
 .text          0x0000000000018e0b      0x539 build/cooja/contiki-ng-cooja.a(log.o)
                0x0000000000018e0b                log_6addr
                0x0000000000018e71                log_6addr_compact_snprint
                0x0000000000018f4c                log_6addr_compact
                0x0000000000018fb2                log_lladdr
                0x0000000000019032                log_lladdr_compact
                0x00000000000190b4                log_bytes
                0x0000000000019114                log_set_level
                0x0000000000019222                log_get_level
                0x00000000000192d9                log_level_to_str
 .text          0x0000000000019344       0x36 build/cooja/contiki-ng-cooja.a(node-id.o)
                0x0000000000019344                node_id_init
 .text          0x000000000001937a      0x673 build/cooja/contiki-ng-cooja.a(process.o)
                0x000000000001937a                process_alloc_event
                0x0000000000019394                process_start
                0x0000000000019604                process_exit
                0x0000000000019630                process_init
                0x0000000000019827                process_run
                0x000000000001985c                process_nevents
                0x000000000001987c                process_post
                0x0000000000019944                process_post_synch
                0x0000000000019992                process_poll
                0x00000000000199cf                process_is_running
 .text          0x00000000000199ed      0x101 build/cooja/contiki-ng-cooja.a(rtimer.o)
                0x00000000000199ed                rtimer_init
                0x00000000000199fd                rtimer_set
                0x0000000000019a7e                rtimer_run_next
 .text          0x0000000000019aee       0xfd build/cooja/contiki-ng-cooja.a(timer.o)
                0x0000000000019aee                timer_set
                0x0000000000019b1d                timer_reset
                0x0000000000019b59                timer_restart
                0x0000000000019b78                timer_expired
                0x0000000000019bb3                timer_remaining
 .text          0x0000000000019beb      0x39b build/cooja/contiki-ng-cooja.a(list.o)
                0x0000000000019beb                list_init
                0x0000000000019c05                list_head
                0x0000000000019c1a                list_copy
                0x0000000000019c3b                list_tail
                0x0000000000019c84                list_add
                0x0000000000019ce8                list_push
                0x0000000000019d2b                list_chop
                0x0000000000019db8                list_pop
                0x0000000000019df2                list_remove
                0x0000000000019e7e                list_length
                0x0000000000019eb9                list_insert
                0x0000000000019f1c                list_item_next
                0x0000000000019f3f                list_contains
 .text          0x0000000000019f86      0x574 build/cooja/contiki-ng-cooja.a(button-hal.o)
                0x000000000001a151                button_hal_get_by_id
                0x000000000001a19f                button_hal_get_by_index
                0x000000000001a1d6                button_hal_get_state
                0x000000000001a239                button_hal_init
 .text          0x000000000001a4fa      0x181 build/cooja/contiki-ng-cooja.a(gpio-hal.o)
                0x000000000001a4fa                gpio_hal_register_handler
                0x000000000001a523                gpio_hal_event_handler
                0x000000000001a58e                gpio_hal_init
                0x000000000001a5ad                gpio_hal_arch_port_toggle_pin
                0x000000000001a5e4                gpio_hal_arch_port_toggle_pins
                0x000000000001a615                gpio_hal_arch_no_port_toggle_pin
                0x000000000001a64f                gpio_hal_arch_no_port_toggle_pins
 .text          0x000000000001a67b      0x238 build/cooja/contiki-ng-cooja.a(serial-line.o)
                0x000000000001a67b                serial_line_input_byte
                0x000000000001a876                serial_line_init
 .text          0x000000000001a8b3       0x80 build/cooja/contiki-ng-cooja.a(linkaddr.o)
                0x000000000001a8b3                linkaddr_copy
                0x000000000001a8d4                linkaddr_cmp
                0x000000000001a90a                linkaddr_set_node_addr
 .text          0x000000000001a933      0x12b build/cooja/contiki-ng-cooja.a(netstack.o)
                0x000000000001a933                netstack_process_ip_callback
                0x000000000001a9d4                netstack_ip_packet_processor_add
                0x000000000001aa04                uip_ds6_ip_packet_processor_rm
                0x000000000001aa2d                netstack_init
 .text          0x000000000001aa5e      0x4a8 build/cooja/contiki-ng-cooja.a(packetbuf.o)
                0x000000000001aa5e                packetbuf_clear
                0x000000000001aa8c                packetbuf_copyfrom
                0x000000000001aae5                packetbuf_copyto
                0x000000000001ab8b                packetbuf_hdralloc
                0x000000000001ac1a                packetbuf_hdrreduce
                0x000000000001ac6a                packetbuf_set_datalen
                0x000000000001ac86                packetbuf_dataptr
                0x000000000001acab                packetbuf_hdrptr
                0x000000000001acbc                packetbuf_datalen
                0x000000000001accd                packetbuf_hdrlen
                0x000000000001ace9                packetbuf_totlen
                0x000000000001ad0b                packetbuf_remaininglen
                0x000000000001ad23                packetbuf_attr_clear
                0x000000000001ad88                packetbuf_attr_copyto
                0x000000000001add3                packetbuf_attr_copyfrom
                0x000000000001ae1e                packetbuf_set_attr
                0x000000000001ae4e                packetbuf_attr
                0x000000000001ae6f                packetbuf_set_addr
                0x000000000001aeb5                packetbuf_addr
                0x000000000001aedf                packetbuf_holds_broadcast
 .text          0x000000000001af06      0x382 build/cooja/contiki-ng-cooja.a(queuebuf.o)
                0x000000000001af1b                queuebuf_init
                0x000000000001af44                queuebuf_numfree
                0x000000000001af5d                queuebuf_new_from_packetbuf
                0x000000000001b010                queuebuf_update_attr_from_packetbuf
                0x000000000001b053                queuebuf_update_from_packetbuf
                0x000000000001b0af                queuebuf_free
                0x000000000001b10b                queuebuf_to_packetbuf
                0x000000000001b184                queuebuf_dataptr
                0x000000000001b1cb                queuebuf_datalen
                0x000000000001b1fb                queuebuf_addr
                0x000000000001b242                queuebuf_attr
                0x000000000001b27d                queuebuf_debug_print
 .text          0x000000000001b288      0x116 build/cooja/contiki-ng-cooja.a(printf.o)
                0x000000000001b2bd                log_printf
 .text          0x000000000001b39e       0x1e build/cooja/contiki-ng-cooja.a(putchar.o)
                0x000000000001b39e                log_putchar
 .text          0x000000000001b3bc       0x3d build/cooja/contiki-ng-cooja.a(puts.o)
                0x000000000001b3bc                log_puts
 .text          0x000000000001b3f9      0x1f8 build/cooja/contiki-ng-cooja.a(snprintf.o)
                0x000000000001b484                log_snprintf
                0x000000000001b569                log_vsnprintf
 .text          0x000000000001b5f1      0x152 build/cooja/contiki-ng-cooja.a(sprintf.o)
                0x000000000001b63c                log_sprintf
 .text          0x000000000001b743     0x170b build/cooja/contiki-ng-cooja.a(strformat.o)
                0x000000000001bab6                format_str
                0x000000000001bb97                format_str_v
 .text          0x000000000001ce4e      0x292 build/cooja/contiki-ng-cooja.a(csma.o)
 .text          0x000000000001d0e0     0x3747 build/cooja/contiki-ng-cooja.a(sicslowpan.o)
                0x000000000001d8b6                netstack_sniffer_add
                0x000000000001d8d0                netstack_sniffer_remove
                0x00000000000207f0                sicslowpan_init
                0x0000000000020817                sicslowpan_get_last_rssi
 .text          0x0000000000020827      0xbaa build/cooja/contiki-ng-cooja.a(tcp-socket.o)
                0x0000000000020f60                tcp_socket_register
                0x0000000000021028                tcp_socket_connect
                0x00000000000210e5                tcp_socket_listen
                0x0000000000021172                tcp_socket_unlisten
                0x00000000000211fe                tcp_socket_send
                0x00000000000212bb                tcp_socket_send_str
                0x00000000000212f2                tcp_socket_close
                0x0000000000021327                tcp_socket_unregister
                0x0000000000021390                tcp_socket_max_sendlen
                0x00000000000213b8                tcp_socket_queuelen
 .text          0x00000000000213d1      0xc96 build/cooja/contiki-ng-cooja.a(tcpip.o)
                0x0000000000021401                tcpip_output
                0x0000000000021503                tcp_connect
                0x000000000002156a                tcp_unlisten
                0x00000000000215da                tcp_listen
                0x0000000000021646                tcp_attach
                0x0000000000021674                udp_attach
                0x00000000000216a2                udp_new
                0x00000000000216fd                udp_broadcast_new
                0x0000000000021a10                tcpip_input
                0x0000000000021be8                tcpip_ipv6_output
                0x0000000000021e41                tcpip_poll_udp
                0x0000000000021e6f                tcpip_poll_tcp
                0x0000000000021e9d                tcpip_uipcall
 .text          0x0000000000022067      0x416 build/cooja/contiki-ng-cooja.a(uip-ds6-nbr.o)
                0x0000000000022067                uip_ds6_neighbors_init
                0x0000000000022090                uip_ds6_nbr_add
                0x000000000002212e                uip_ds6_nbr_rm
                0x000000000002218b                uip_ds6_nbr_update_ll
                0x0000000000022290                uip_ds6_nbr_get_ipaddr
                0x00000000000222b0                uip_ds6_nbr_get_ll
                0x00000000000222d8                uip_ds6_nbr_num
                0x000000000002232a                uip_ds6_nbr_head
                0x0000000000022343                uip_ds6_nbr_next
                0x000000000002236b                uip_ds6_nbr_lookup
                0x00000000000223d4                uip_ds6_nbr_ll_lookup
                0x00000000000223fc                uip_ds6_nbr_ipaddr_from_lladdr
                0x0000000000022430                uip_ds6_nbr_lladdr_from_ipaddr
                0x000000000002246c                uip_ds6_link_callback
 .text          0x000000000002247d      0x3f9 build/cooja/contiki-ng-cooja.a(uip-ds6-route.o)
                0x00000000000224d4                uip_ds6_route_init
                0x00000000000224fd                uip_ds6_route_count_nexthop_neighbors
                0x000000000002250c                uip_ds6_route_nexthop
                0x000000000002251f                uip_ds6_route_head
                0x000000000002252e                uip_ds6_route_next
                0x0000000000022541                uip_ds6_route_is_nexthop
                0x0000000000022554                uip_ds6_route_num_routes
                0x0000000000022563                uip_ds6_route_lookup
                0x0000000000022576                uip_ds6_route_add
                0x0000000000022592                uip_ds6_route_rm
                0x00000000000225a1                uip_ds6_route_rm_by_nexthop
                0x00000000000225b0                uip_ds6_defrt_head
                0x00000000000225c9                uip_ds6_defrt_add
                0x0000000000022689                uip_ds6_defrt_rm
                0x00000000000226ff                uip_ds6_defrt_lookup
                0x0000000000022776                uip_ds6_defrt_choose
                0x00000000000227f9                uip_ds6_defrt_periodic
 .text          0x0000000000022876      0xebc build/cooja/contiki-ng-cooja.a(uip-ds6.o)
                0x0000000000022876                uip_ds6_default_prefix
                0x0000000000022887                uip_ds6_set_default_prefix
                0x00000000000228af                uip_ds6_init
                0x0000000000022b4e                uip_ds6_periodic
                0x0000000000022bf0                uip_ds6_list_loop
                0x0000000000022cd9                uip_ds6_prefix_add
                0x0000000000022daa                uip_ds6_prefix_rm
                0x0000000000022dc8                uip_ds6_prefix_lookup
                0x0000000000022e1f                uip_ds6_is_addr_onlink
                0x0000000000022eb3                uip_ds6_addr_add
                0x0000000000022ffe                uip_ds6_addr_rm
                0x00000000000230b9                uip_ds6_addr_lookup
                0x000000000002310e                uip_ds6_get_link_local
                0x00000000000231b3                uip_ds6_get_global
                0x0000000000023258                uip_ds6_maddr_add
                0x00000000000232d4                uip_ds6_maddr_rm
                0x00000000000232f2                uip_ds6_maddr_lookup
                0x000000000002334a                uip_ds6_aaddr_add
                0x00000000000233c6                uip_ds6_aaddr_rm
                0x00000000000233e4                uip_ds6_aaddr_lookup
                0x000000000002343c                uip_ds6_select_src
                0x00000000000235c6                uip_ds6_set_addr_iid
                0x00000000000235ff                uip_ds6_set_lladdr_from_iid
                0x0000000000023636                get_match_length
                0x00000000000236e4                uip_ds6_compute_reachable_time
 .text          0x0000000000023732      0x1b9 build/cooja/contiki-ng-cooja.a(uip-packetqueue.o)
                0x0000000000023771                uip_packetqueue_new
                0x000000000002378b                uip_packetqueue_alloc
                0x0000000000023805                uip_packetqueue_free
                0x000000000002385d                uip_packetqueue_buf
                0x0000000000023889                uip_packetqueue_buflen
                0x00000000000238b8                uip_packetqueue_set_buflen
 .text          0x00000000000238eb     0x3915 build/cooja/contiki-ng-cooja.a(uip6.o)
                0x00000000000238eb                uip_add32
                0x0000000000023af5                uip_chksum
                0x0000000000023bdb                uip_icmp6chksum
                0x0000000000023bef                uip_tcpchksum
                0x0000000000023c03                uip_udpchksum
                0x0000000000023c17                uip_init
                0x0000000000023cdc                uip_connect
                0x0000000000023e86                uip_remove_ext_hdr
                0x0000000000023f87                uip_udp_new
                0x00000000000240f3                uip_unlisten
                0x0000000000024142                uip_listen
                0x0000000000024464                uip_process
                0x0000000000027086                uip_htons
                0x00000000000270a9                uip_htonl
                0x00000000000270f1                uip_send
 .text          0x0000000000027200      0x5b1 build/cooja/contiki-ng-cooja.a(uipbuf.o)
                0x0000000000027200                uipbuf_clear
                0x0000000000027232                uipbuf_add_ext_hdr
                0x00000000000272ca                uipbuf_set_len
                0x00000000000272fc                uipbuf_set_len_field
                0x000000000002732f                uipbuf_get_len_field
                0x000000000002735a                uipbuf_get_next_header
                0x00000000000274cc                uipbuf_get_last_header
                0x000000000002755f                uipbuf_search_header
                0x0000000000027626                uipbuf_get_attr
                0x0000000000027657                uipbuf_set_attr
                0x0000000000027697                uipbuf_set_default_attr
                0x00000000000276d7                uipbuf_clear_attr
                0x00000000000276fe                uipbuf_set_attr_flag
                0x0000000000027721                uipbuf_clr_attr_flag
                0x000000000002774a                uipbuf_is_attr_flag
                0x000000000002776f                uipbuf_init
 .text          0x00000000000277b1      0x57d build/cooja/contiki-ng-cooja.a(uiplib.o)
                0x00000000000277b1                uiplib_ip6addrconv
                0x000000000002798d                uiplib_ip4addrconv
                0x0000000000027a5f                uiplib_ipaddr_print
                0x0000000000027ac5                uiplib_ipaddr_snprint
 .text          0x0000000000027d2e      0x66e build/cooja/contiki-ng-cooja.a(rpl.o)
                0x0000000000027d2e                rpl_lollipop_greater_than
                0x0000000000027d92                rpl_get_global_address
                0x0000000000027f32                rpl_link_callback
                0x0000000000027f9c                rpl_has_joined
                0x0000000000027fcf                rpl_is_reachable
                0x0000000000028075                rpl_reset_prefix
                0x00000000000280ec                rpl_set_prefix_from_addr
                0x0000000000028207                rpl_set_prefix
                0x0000000000028371                rpl_set_leaf_only
                0x000000000002838b                rpl_get_leaf_only
 .text          0x000000000002839c       0x49 build/cooja/contiki-ng-cooja.a(watchdog.o)
                0x000000000002839c                watchdog_init
                0x00000000000283a7                watchdog_start
                0x00000000000283b2                watchdog_periodic
                0x00000000000283cf                watchdog_stop
                0x00000000000283da                watchdog_reboot
 .text          0x00000000000283e5       0x61 build/cooja/contiki-ng-cooja.a(int-master.o)
                0x00000000000283e5                int_master_enable
                0x00000000000283fa                int_master_read_and_disable
                0x000000000002841a                int_master_status_set
                0x0000000000028431                int_master_is_enabled
 .text          0x0000000000028446      0x125 build/cooja/contiki-ng-cooja.a(stimer.o)
                0x0000000000028446                stimer_set
                0x0000000000028475                stimer_reset
                0x00000000000284b1                stimer_restart
                0x00000000000284d0                stimer_expired
                0x0000000000028512                stimer_remaining
                0x000000000002854a                stimer_elapsed
 .text          0x000000000002856b      0x21a build/cooja/contiki-ng-cooja.a(memb.o)
                0x000000000002856b                memb_init
                0x00000000000285ce                memb_alloc
                0x0000000000028648                memb_free
                0x00000000000286db                memb_inmemb
                0x0000000000028732                memb_numfree
 .text          0x0000000000028785      0x19d build/cooja/contiki-ng-cooja.a(ringbuf.o)
                0x0000000000028785                ringbuf_init
                0x00000000000287c6                ringbuf_put
                0x0000000000028855                ringbuf_get
                0x00000000000288d3                ringbuf_size
                0x00000000000288ef                ringbuf_elements
 .text          0x0000000000028922      0x481 build/cooja/contiki-ng-cooja.a(link-stats.o)
                0x0000000000028922                link_stats_from_lladdr
                0x000000000002894a                link_stats_get_lladdr
                0x0000000000028972                link_stats_is_fresh
                0x00000000000289ba                guess_etx_from_rssi
                0x0000000000028a3f                link_stats_packet_sent
                0x0000000000028ba3                link_stats_input_callback
                0x0000000000028d05                link_stats_reset
                0x0000000000028d61                link_stats_init
 .text          0x0000000000028da3      0xcb3 build/cooja/contiki-ng-cooja.a(nbr-table.o)
                0x0000000000029201                nbr_table_count_entries
                0x00000000000292a3                nbr_table_gc_get_worst
                0x00000000000292e6                nbr_table_can_accept_new
                0x000000000002949b                nbr_table_entry_is_allowed
                0x0000000000029548                nbr_table_register
                0x00000000000295da                nbr_table_is_registered
                0x0000000000029631                nbr_table_head
                0x000000000002969f                nbr_table_next
                0x000000000002971c                nbr_table_add_lladdr
                0x000000000002987c                nbr_table_get_from_lladdr
                0x00000000000298db                nbr_table_remove
                0x0000000000029935                nbr_table_lock
                0x000000000002996a                nbr_table_unlock
                0x000000000002999f                nbr_table_get_lladdr
                0x00000000000299e2                nbr_table_clear
                0x0000000000029a1f                nbr_table_key_head
                0x0000000000029a38                nbr_table_key_next
 .text          0x0000000000029a56      0x1e0 build/cooja/contiki-ng-cooja.a(mac-sequence.o)
                0x0000000000029a56                mac_sequence_is_duplicate
                0x0000000000029b37                mac_sequence_register_seqno
 .text          0x0000000000029c36      0x451 build/cooja/contiki-ng-cooja.a(framer-802154.o)
                0x0000000000029dd1                framer_802154_setup_params
 .text          0x000000000002a087      0xae3 build/cooja/contiki-ng-cooja.a(csma-output.o)
                0x000000000002a869                csma_output_packet
                0x000000000002ab32                csma_output_init
 .text          0x000000000002ab6a       0x3d build/cooja/contiki-ng-cooja.a(csma-security.o)
                0x000000000002ab6a                csma_security_create_frame
                0x000000000002ab90                csma_security_parse_frame
 .text          0x000000000002aba7      0x8b7 build/cooja/contiki-ng-cooja.a(uip-icmp6.o)
                0x000000000002ac24                uip_icmp6_input
                0x000000000002ac82                uip_icmp6_register_input_handler
                0x000000000002ae14                uip_icmp6_error_output
                0x000000000002b179                uip_icmp6_send
                0x000000000002b3c5                uip_icmp6_echo_reply_callback_add
                0x000000000002b40c                uip_icmp6_echo_reply_callback_rm
                0x000000000002b435                uip_icmp6_init
 .text          0x000000000002b45e      0x87f build/cooja/contiki-ng-cooja.a(uip-nd6.o)
                0x000000000002bcc3                uip_nd6_init
 .text          0x000000000002bcdd      0x7e7 build/cooja/contiki-ng-cooja.a(uip-sr.o)
                0x000000000002bcdd                uip_sr_num_nodes
                0x000000000002bd88                uip_sr_get_node
                0x000000000002bdf0                uip_sr_is_addr_reachable
                0x000000000002beb8                uip_sr_expire_parent
                0x000000000002bf27                uip_sr_update_node
                0x000000000002c09b                uip_sr_init
                0x000000000002c0ce                uip_sr_node_head
                0x000000000002c0e7                uip_sr_node_next
                0x000000000002c105                uip_sr_periodic
                0x000000000002c241                uip_sr_free_all
                0x000000000002c2c0                uip_sr_link_snprint
 .text          0x000000000002c4c4      0x35a build/cooja/contiki-ng-cooja.a(rpl-dag-root.o)
                0x000000000002c4c4                rpl_dag_root_print_links
                0x000000000002c639                rpl_dag_root_set_prefix
                0x000000000002c675                rpl_dag_root_start
                0x000000000002c7de                rpl_dag_root_is_root
 .text          0x000000000002c81e     0x1219 build/cooja/contiki-ng-cooja.a(rpl-dag.o)
                0x000000000002c81e                rpl_dag_state_to_str
                0x000000000002c87c                rpl_dag_get_root_ipaddr
                0x000000000002c8c6                rpl_dag_leave
                0x000000000002c971                rpl_dag_poison_and_leave
                0x000000000002c98f                rpl_dag_periodic
                0x000000000002ca53                rpl_is_addr_in_our_dag
                0x000000000002caaf                rpl_get_default_instance
                0x000000000002cad6                rpl_get_any_dag
                0x000000000002cb43                rpl_refresh_routes
                0x000000000002cba5                rpl_global_repair
                0x000000000002cc67                rpl_local_repair
                0x000000000002ccc9                rpl_dag_ready_to_advertise
                0x000000000002cd21                rpl_dag_update_state
                0x000000000002d5e4                rpl_process_dio
                0x000000000002d686                rpl_process_dis
                0x000000000002d6da                rpl_process_dao
                0x000000000002d783                rpl_process_dao_ack
                0x000000000002d833                rpl_process_hbh
                0x000000000002d892                rpl_dag_init_root
                0x000000000002da13                rpl_dag_init
 .text          0x000000000002da37      0xdef build/cooja/contiki-ng-cooja.a(rpl-ext-header.o)
                0x000000000002da37                rpl_ext_header_srh_get_next_hop
                0x000000000002db48                rpl_ext_header_srh_update
                0x000000000002e1d7                rpl_ext_header_hbh_update
                0x000000000002e577                rpl_ext_header_update
                0x000000000002e621                rpl_ext_header_remove
 .text          0x000000000002e826     0x16eb build/cooja/contiki-ng-cooja.a(rpl-icmp6.o)
                0x000000000002e9ba                rpl_icmp6_update_nbr_table
                0x000000000002ea6f                rpl_icmp6_dis_output
                0x000000000002f193                rpl_icmp6_dio_output
                0x000000000002fac3                rpl_icmp6_dao_output
                0x000000000002fe34                rpl_icmp6_dao_ack_output
                0x000000000002feca                rpl_icmp6_init
 .text          0x000000000002ff11      0x36f build/cooja/contiki-ng-cooja.a(rpl-mrhof.o)
 .text          0x0000000000030280       0x8c build/cooja/contiki-ng-cooja.a(rpl-nbr-policy.o)
                0x00000000000302c8                rpl_nbr_gc_get_worst
 .text          0x000000000003030c      0xadd build/cooja/contiki-ng-cooja.a(rpl-neighbor.o)
                0x000000000003039f                rpl_neighbor_snprint
                0x00000000000306cd                rpl_neighbor_print_list
                0x00000000000307a4                rpl_neighbor_count
                0x000000000003088f                rpl_neighbor_get_from_lladdr
                0x00000000000308ba                rpl_neighbor_is_acceptable_parent
                0x0000000000030906                rpl_neighbor_get_link_metric
                0x0000000000030952                rpl_neighbor_rank_via_nbr
                0x000000000003099e                rpl_neighbor_get_lladdr
                0x00000000000309c9                rpl_neighbor_get_ipaddr
                0x00000000000309f7                rpl_neighbor_get_link_stats
                0x0000000000030a25                rpl_neighbor_is_fresh
                0x0000000000030a53                rpl_neighbor_is_parent
                0x0000000000030a8c                rpl_neighbor_set_preferred_parent
                0x0000000000030b43                rpl_neighbor_remove_all
                0x0000000000030ba9                rpl_neighbor_get_from_ipaddr
                0x0000000000030ce2                rpl_neighbor_select_best
                0x0000000000030dc2                rpl_neighbor_init
 .text          0x0000000000030de9      0xd3d build/cooja/contiki-ng-cooja.a(rpl-timers.o)
                0x0000000000030de9                rpl_timers_schedule_periodic_dis
                0x0000000000030f9f                rpl_timers_dio_reset
                0x0000000000031123                rpl_timers_schedule_unicast_dio
                0x000000000003130a                rpl_timers_schedule_dao
                0x0000000000031410                rpl_timers_schedule_dao_ack
                0x00000000000314d5                rpl_timers_notify_dao_ack
                0x000000000003154a                get_probing_delay
                0x0000000000031591                get_probing_target
                0x00000000000317cf                rpl_schedule_probing
                0x0000000000031816                rpl_schedule_probing_now
                0x00000000000318a4                rpl_timers_unschedule_leaving
                0x00000000000318ee                rpl_timers_schedule_leaving
                0x000000000003194c                rpl_timers_init
                0x00000000000319fe                rpl_timers_stop_dag_timers
                0x0000000000031aa0                rpl_timers_unschedule_state_update
                0x0000000000031acd                rpl_timers_schedule_state_update
 .text          0x0000000000031b26       0x34 build/cooja/contiki-ng-cooja.a(assert.o)
                0x0000000000031b26                _xassert
 .text          0x0000000000031b5a       0x3a build/cooja/contiki-ng-cooja.a(mac.o)
                0x0000000000031b5a                mac_call_sent_callback
 .text          0x0000000000031b94      0xca9 build/cooja/contiki-ng-cooja.a(frame802154.o)
                0x0000000000031bc2                frame802154_get_pan_id
                0x0000000000031bd3                frame802154_set_pan_id
                0x0000000000031bef                frame802154_has_panid
                0x0000000000031dce                frame802154_check_dest_panid
                0x0000000000031e6c                frame802154_is_broadcast_addr
                0x0000000000031ec3                frame802154_extract_linkaddr
                0x000000000003215d                frame802154_hdrlen
                0x00000000000321dc                frame802154_create_fcf
                0x00000000000322ae                frame802154_create
                0x0000000000032458                frame802154_parse_fcf
                0x000000000003254f                frame802154_parse
 .text          0x000000000003283d        0x0 /usr/lib/gcc/x86_64-linux-gnu/11/crtendS.o
 .text          0x000000000003283d        0x0 /usr/lib/gcc/x86_64-linux-gnu/11/../../../x86_64-linux-gnu/crtn.o
 *(.gnu.warning)

.fini           0x0000000000032840        0xd
 *(SORT_NONE(.fini))
 .fini          0x0000000000032840        0x8 /usr/lib/gcc/x86_64-linux-gnu/11/../../../x86_64-linux-gnu/crti.o
                0x0000000000032840                _fini
 .fini          0x0000000000032848        0x5 /usr/lib/gcc/x86_64-linux-gnu/11/../../../x86_64-linux-gnu/crtn.o
                [!provide]                        PROVIDE (__etext = .)
                [!provide]                        PROVIDE (_etext = .)
                [!provide]                        PROVIDE (etext = .)
                0x0000000000033000                . = ALIGN (CONSTANT (MAXPAGESIZE))
                0x0000000000033000                . = SEGMENT_START ("rodata-segment", (ALIGN (CONSTANT (MAXPAGESIZE)) + (. & (CONSTANT (MAXPAGESIZE) - 0x1))))

.rodata         0x0000000000033000      0xe45
 *(.rodata .rodata.* .gnu.linkonce.r.*)
 .rodata        0x0000000000033000      0x368 tempSensor.o
 .rodata        0x0000000000033368        0x6 build/cooja/contiki-ng-cooja.a(leds-arch.o)
                0x0000000000033368                leds_arch_leds
 .rodata        0x000000000003336e        0x4 build/cooja/contiki-ng-cooja.a(pir-sensor.o)
 .rodata        0x0000000000033372        0x3 build/cooja/contiki-ng-cooja.a(rs232.o)
 .rodata        0x0000000000033375        0xa build/cooja/contiki-ng-cooja.a(vib-sensor.o)
 *fill*         0x000000000003337f        0x1 
 .rodata        0x0000000000033380       0x26 build/cooja/contiki-ng-cooja.a(cfs-cooja.o)
 *fill*         0x00000000000333a6        0x2 
 .rodata        0x00000000000333a8       0x68 build/cooja/contiki-ng-cooja.a(cooja-radio.o)
 .rodata        0x0000000000033410        0x8 build/cooja/contiki-ng-cooja.a(sensors.o)
 .rodata        0x0000000000033418       0x14 build/cooja/contiki-ng-cooja.a(buttons.o)
                0x0000000000033424                button_hal_button_count
 .rodata        0x000000000003342c      0x29c build/cooja/contiki-ng-cooja.a(mqtt.o)
 .rodata        0x00000000000336c8       0xf4 build/cooja/contiki-ng-cooja.a(contiki-main.o)
 .rodata        0x00000000000337bc        0xf build/cooja/contiki-ng-cooja.a(ctimer.o)
 .rodata        0x00000000000337cb        0xc build/cooja/contiki-ng-cooja.a(etimer.o)
 *fill*         0x00000000000337d7        0x1 
 .rodata        0x00000000000337d8       0xc0 build/cooja/contiki-ng-cooja.a(log.o)
 .rodata        0x0000000000033898       0x13 build/cooja/contiki-ng-cooja.a(button-hal.o)
 .rodata        0x00000000000338ab        0xe build/cooja/contiki-ng-cooja.a(serial-line.o)
 *fill*         0x00000000000338b9        0x7 
 .rodata        0x00000000000338c0        0x8 build/cooja/contiki-ng-cooja.a(linkaddr.o)
                0x00000000000338c0                linkaddr_null
 *fill*         0x00000000000338c8        0x8 
 .rodata        0x00000000000338d0      0x280 build/cooja/contiki-ng-cooja.a(strformat.o)
 .rodata        0x0000000000033b50        0x5 build/cooja/contiki-ng-cooja.a(csma.o)
 .rodata        0x0000000000033b55       0x1d build/cooja/contiki-ng-cooja.a(sicslowpan.o)
                0x0000000000033b55                unc_llconf
                0x0000000000033b59                unc_ctxconf
                0x0000000000033b5d                unc_mxconf
                0x0000000000033b61                llprefix
 .rodata        0x0000000000033b72       0x13 build/cooja/contiki-ng-cooja.a(tcp-socket.o)
 .rodata        0x0000000000033b85        0xd build/cooja/contiki-ng-cooja.a(tcpip.o)
 *fill*         0x0000000000033b92        0x6 
 .rodata        0x0000000000033b98       0x4c build/cooja/contiki-ng-cooja.a(uip-ds6-route.o)
 .rodata        0x0000000000033be4       0x48 build/cooja/contiki-ng-cooja.a(uip6.o)
 .rodata        0x0000000000033c2c       0x2d build/cooja/contiki-ng-cooja.a(uiplib.o)
 .rodata        0x0000000000033c59        0x9 build/cooja/contiki-ng-cooja.a(rpl.o)
 *fill*         0x0000000000033c62        0x6 
 .rodata        0x0000000000033c68       0x34 build/cooja/contiki-ng-cooja.a(csma-output.o)
 .rodata        0x0000000000033c9c       0x44 build/cooja/contiki-ng-cooja.a(uip-sr.o)
 .rodata        0x0000000000033ce0       0xd7 build/cooja/contiki-ng-cooja.a(rpl-dag.o)
 *fill*         0x0000000000033db7        0x1 
 .rodata        0x0000000000033db8       0x58 build/cooja/contiki-ng-cooja.a(rpl-neighbor.o)
 .rodata        0x0000000000033e10        0xc build/cooja/contiki-ng-cooja.a(rpl-timers.o)
 *fill*         0x0000000000033e1c        0x4 
 .rodata        0x0000000000033e20       0x25 build/cooja/contiki-ng-cooja.a(assert.o)

.rodata1
 *(.rodata1)

.eh_frame_hdr   0x0000000000033e48     0x18fc
 *(.eh_frame_hdr)
 .eh_frame_hdr  0x0000000000033e48     0x18fc tempSensor.o
                0x0000000000033e48                __GNU_EH_FRAME_HDR
 *(.eh_frame_entry .eh_frame_entry.*)

.eh_frame       0x0000000000035748     0x6458
 *(.eh_frame)
 .eh_frame      0x0000000000035748       0x40 /usr/lib/gcc/x86_64-linux-gnu/11/../../../x86_64-linux-gnu/crti.o
 .eh_frame      0x0000000000035788       0x18 /usr/lib/gcc/x86_64-linux-gnu/11/../../../x86_64-linux-gnu/crti.o
                                         0x30 (size before relaxing)
 .eh_frame      0x00000000000357a0       0x18 /usr/lib/gcc/x86_64-linux-gnu/11/../../../x86_64-linux-gnu/crti.o
                                         0x30 (size before relaxing)
 .eh_frame      0x00000000000357b8       0xc8 tempSensor.o
                                         0xe0 (size before relaxing)
 .eh_frame      0x0000000000035880      0x198 build/cooja/mtype821794474.o
                                        0x1b0 (size before relaxing)
 .eh_frame      0x0000000000035a18       0x40 build/cooja/contiki-ng-cooja.a(simEnvChange.o)
                                         0x58 (size before relaxing)
 .eh_frame      0x0000000000035a58       0x60 build/cooja/contiki-ng-cooja.a(cooja_mt.o)
                                         0x78 (size before relaxing)
 .eh_frame      0x0000000000035ab8       0x80 build/cooja/contiki-ng-cooja.a(cooja_mtarch.o)
                                         0x98 (size before relaxing)
 .eh_frame      0x0000000000035b38       0xc0 build/cooja/contiki-ng-cooja.a(rtimer-arch.o)
                                         0xd8 (size before relaxing)
 .eh_frame      0x0000000000035bf8      0x160 build/cooja/contiki-ng-cooja.a(beep.o)
                                        0x178 (size before relaxing)
 .eh_frame      0x0000000000035d58       0x80 build/cooja/contiki-ng-cooja.a(leds-arch.o)
                                         0x98 (size before relaxing)
 .eh_frame      0x0000000000035dd8       0x40 build/cooja/contiki-ng-cooja.a(moteid.o)
                                         0x58 (size before relaxing)
 .eh_frame      0x0000000000035e18       0xa0 build/cooja/contiki-ng-cooja.a(pir-sensor.o)
                                         0xb8 (size before relaxing)
 .eh_frame      0x0000000000035eb8      0x100 build/cooja/contiki-ng-cooja.a(rs232.o)
                                        0x118 (size before relaxing)
 .eh_frame      0x0000000000035fb8       0xa0 build/cooja/contiki-ng-cooja.a(vib-sensor.o)
                                         0xb8 (size before relaxing)
 .eh_frame      0x0000000000036058       0xc0 build/cooja/contiki-ng-cooja.a(clock.o)
                                         0xd8 (size before relaxing)
 .eh_frame      0x0000000000036118      0x100 build/cooja/contiki-ng-cooja.a(cooja-log.o)
                                        0x118 (size before relaxing)
 .eh_frame      0x0000000000036218      0x160 build/cooja/contiki-ng-cooja.a(cfs-cooja.o)
                                        0x178 (size before relaxing)
 .eh_frame      0x0000000000036378      0x360 build/cooja/contiki-ng-cooja.a(cooja-radio.o)
                                        0x378 (size before relaxing)
 .eh_frame      0x00000000000366d8       0xa0 build/cooja/contiki-ng-cooja.a(eeprom.o)
                                         0xb8 (size before relaxing)
 .eh_frame      0x0000000000036778       0x40 build/cooja/contiki-ng-cooja.a(random.o)
                                         0x58 (size before relaxing)
 .eh_frame      0x00000000000367b8       0xc0 build/cooja/contiki-ng-cooja.a(sensors.o)
                                         0xd8 (size before relaxing)
 .eh_frame      0x0000000000036878      0x120 build/cooja/contiki-ng-cooja.a(leds.o)
                                        0x138 (size before relaxing)
 .eh_frame      0x0000000000036998      0x220 build/cooja/contiki-ng-cooja.a(gpio-hal-arch.o)
                                        0x238 (size before relaxing)
 .eh_frame      0x0000000000036bb8       0xa0 build/cooja/contiki-ng-cooja.a(buttons.o)
                                         0xb8 (size before relaxing)
 .eh_frame      0x0000000000036c58      0x4e0 build/cooja/contiki-ng-cooja.a(mqtt.o)
                                        0x4f8 (size before relaxing)
 .eh_frame      0x0000000000037138       0x20 build/cooja/contiki-ng-cooja.a(contiki-main.o)
                                         0x38 (size before relaxing)
 .eh_frame      0x0000000000037158       0x40 build/cooja/contiki-ng-cooja.a(autostart.o)
                                         0x58 (size before relaxing)
 .eh_frame      0x0000000000037198      0x100 build/cooja/contiki-ng-cooja.a(ctimer.o)
                                        0x118 (size before relaxing)
 .eh_frame      0x0000000000037298       0x60 build/cooja/contiki-ng-cooja.a(energest.o)
                                         0x78 (size before relaxing)
 .eh_frame      0x00000000000372f8      0x1e0 build/cooja/contiki-ng-cooja.a(etimer.o)
                                        0x1f8 (size before relaxing)
 .eh_frame      0x00000000000374d8      0x120 build/cooja/contiki-ng-cooja.a(log.o)
                                        0x138 (size before relaxing)
 .eh_frame      0x00000000000375f8       0x20 build/cooja/contiki-ng-cooja.a(node-id.o)
                                         0x38 (size before relaxing)
 .eh_frame      0x0000000000037618      0x1c8 build/cooja/contiki-ng-cooja.a(process.o)
                                        0x1e0 (size before relaxing)
 .eh_frame      0x00000000000377e0       0x60 build/cooja/contiki-ng-cooja.a(rtimer.o)
                                         0x78 (size before relaxing)
 .eh_frame      0x0000000000037840       0xa0 build/cooja/contiki-ng-cooja.a(timer.o)
                                         0xb8 (size before relaxing)
 .eh_frame      0x00000000000378e0      0x1a0 build/cooja/contiki-ng-cooja.a(list.o)
                                        0x1b8 (size before relaxing)
 .eh_frame      0x0000000000037a80      0x160 build/cooja/contiki-ng-cooja.a(button-hal.o)
                                        0x178 (size before relaxing)
 .eh_frame      0x0000000000037be0       0xe0 build/cooja/contiki-ng-cooja.a(gpio-hal.o)
                                         0xf8 (size before relaxing)
 .eh_frame      0x0000000000037cc0       0x60 build/cooja/contiki-ng-cooja.a(serial-line.o)
                                         0x78 (size before relaxing)
 .eh_frame      0x0000000000037d20       0x60 build/cooja/contiki-ng-cooja.a(linkaddr.o)
                                         0x78 (size before relaxing)
 .eh_frame      0x0000000000037d80       0x80 build/cooja/contiki-ng-cooja.a(netstack.o)
                                         0x98 (size before relaxing)
 .eh_frame      0x0000000000037e00      0x288 build/cooja/contiki-ng-cooja.a(packetbuf.o)
                                        0x2a0 (size before relaxing)
 .eh_frame      0x0000000000038088      0x1a0 build/cooja/contiki-ng-cooja.a(queuebuf.o)
                                        0x1b8 (size before relaxing)
 .eh_frame      0x0000000000038228       0x40 build/cooja/contiki-ng-cooja.a(printf.o)
                                         0x58 (size before relaxing)
 .eh_frame      0x0000000000038268       0x20 build/cooja/contiki-ng-cooja.a(putchar.o)
                                         0x38 (size before relaxing)
 .eh_frame      0x0000000000038288       0x20 build/cooja/contiki-ng-cooja.a(puts.o)
                                         0x38 (size before relaxing)
 .eh_frame      0x00000000000382a8       0x60 build/cooja/contiki-ng-cooja.a(snprintf.o)
                                         0x78 (size before relaxing)
 .eh_frame      0x0000000000038308       0x40 build/cooja/contiki-ng-cooja.a(sprintf.o)
                                         0x58 (size before relaxing)
 .eh_frame      0x0000000000038348      0x120 build/cooja/contiki-ng-cooja.a(strformat.o)
                                        0x138 (size before relaxing)
 .eh_frame      0x0000000000038468       0xe0 build/cooja/contiki-ng-cooja.a(csma.o)
                                         0xf8 (size before relaxing)
 .eh_frame      0x0000000000038548      0x2e0 build/cooja/contiki-ng-cooja.a(sicslowpan.o)
                                        0x2f8 (size before relaxing)
 .eh_frame      0x0000000000038828      0x248 build/cooja/contiki-ng-cooja.a(tcp-socket.o)
                                        0x260 (size before relaxing)
 .eh_frame      0x0000000000038a70      0x308 build/cooja/contiki-ng-cooja.a(tcpip.o)
                                        0x320 (size before relaxing)
 .eh_frame      0x0000000000038d78      0x1c0 build/cooja/contiki-ng-cooja.a(uip-ds6-nbr.o)
                                        0x1d8 (size before relaxing)
 .eh_frame      0x0000000000038f38      0x240 build/cooja/contiki-ng-cooja.a(uip-ds6-route.o)
                                        0x258 (size before relaxing)
 .eh_frame      0x0000000000039178      0x328 build/cooja/contiki-ng-cooja.a(uip-ds6.o)
                                        0x340 (size before relaxing)
 .eh_frame      0x00000000000394a0       0xe0 build/cooja/contiki-ng-cooja.a(uip-packetqueue.o)
                                         0xf8 (size before relaxing)
 .eh_frame      0x0000000000039580      0x2b0 build/cooja/contiki-ng-cooja.a(uip6.o)
                                        0x2c8 (size before relaxing)
 .eh_frame      0x0000000000039830      0x200 build/cooja/contiki-ng-cooja.a(uipbuf.o)
                                        0x218 (size before relaxing)
 .eh_frame      0x0000000000039a30       0x80 build/cooja/contiki-ng-cooja.a(uiplib.o)
                                         0x98 (size before relaxing)
 .eh_frame      0x0000000000039ab0      0x1e0 build/cooja/contiki-ng-cooja.a(rpl.o)
                                        0x1f8 (size before relaxing)
 .eh_frame      0x0000000000039c90       0xa0 build/cooja/contiki-ng-cooja.a(watchdog.o)
                                         0xb8 (size before relaxing)
 .eh_frame      0x0000000000039d30       0x80 build/cooja/contiki-ng-cooja.a(int-master.o)
                                         0x98 (size before relaxing)
 .eh_frame      0x0000000000039db0       0xc0 build/cooja/contiki-ng-cooja.a(stimer.o)
                                         0xd8 (size before relaxing)
 .eh_frame      0x0000000000039e70       0xa0 build/cooja/contiki-ng-cooja.a(memb.o)
                                         0xb8 (size before relaxing)
 .eh_frame      0x0000000000039f10       0xa0 build/cooja/contiki-ng-cooja.a(ringbuf.o)
                                         0xb8 (size before relaxing)
 .eh_frame      0x0000000000039fb0      0x120 build/cooja/contiki-ng-cooja.a(link-stats.o)
                                        0x138 (size before relaxing)
 .eh_frame      0x000000000003a0d0      0x3e0 build/cooja/contiki-ng-cooja.a(nbr-table.o)
                                        0x3f8 (size before relaxing)
 .eh_frame      0x000000000003a4b0       0x48 build/cooja/contiki-ng-cooja.a(mac-sequence.o)
                                         0x60 (size before relaxing)
 .eh_frame      0x000000000003a4f8       0xa8 build/cooja/contiki-ng-cooja.a(framer-802154.o)
                                         0xc0 (size before relaxing)
 .eh_frame      0x000000000003a5a0      0x1c8 build/cooja/contiki-ng-cooja.a(csma-output.o)
                                        0x1e0 (size before relaxing)
 .eh_frame      0x000000000003a768       0x40 build/cooja/contiki-ng-cooja.a(csma-security.o)
                                         0x58 (size before relaxing)
 .eh_frame      0x000000000003a7a8      0x148 build/cooja/contiki-ng-cooja.a(uip-icmp6.o)
                                        0x160 (size before relaxing)
 .eh_frame      0x000000000003a8f0       0x80 build/cooja/contiki-ng-cooja.a(uip-nd6.o)
                                         0x98 (size before relaxing)
 .eh_frame      0x000000000003a970      0x180 build/cooja/contiki-ng-cooja.a(uip-sr.o)
                                        0x198 (size before relaxing)
 .eh_frame      0x000000000003aaf0       0xa0 build/cooja/contiki-ng-cooja.a(rpl-dag-root.o)
                                         0xb8 (size before relaxing)
 .eh_frame      0x000000000003ab90      0x360 build/cooja/contiki-ng-cooja.a(rpl-dag.o)
                                        0x378 (size before relaxing)
 .eh_frame      0x000000000003aef0      0x128 build/cooja/contiki-ng-cooja.a(rpl-ext-header.o)
                                        0x140 (size before relaxing)
 .eh_frame      0x000000000003b018      0x1c0 build/cooja/contiki-ng-cooja.a(rpl-icmp6.o)
                                        0x1d8 (size before relaxing)
 .eh_frame      0x000000000003b1d8      0x148 build/cooja/contiki-ng-cooja.a(rpl-mrhof.o)
                                        0x160 (size before relaxing)
 .eh_frame      0x000000000003b320       0x40 build/cooja/contiki-ng-cooja.a(rpl-nbr-policy.o)
                                         0x58 (size before relaxing)
 .eh_frame      0x000000000003b360      0x2b0 build/cooja/contiki-ng-cooja.a(rpl-neighbor.o)
                                        0x2c8 (size before relaxing)
 .eh_frame      0x000000000003b610      0x3a8 build/cooja/contiki-ng-cooja.a(rpl-timers.o)
                                        0x3c0 (size before relaxing)
 .eh_frame      0x000000000003b9b8       0x20 build/cooja/contiki-ng-cooja.a(assert.o)
                                         0x38 (size before relaxing)
 .eh_frame      0x000000000003b9d8       0x20 build/cooja/contiki-ng-cooja.a(mac.o)
                                         0x38 (size before relaxing)
 .eh_frame      0x000000000003b9f8      0x1a4 build/cooja/contiki-ng-cooja.a(frame802154.o)
                                        0x1c0 (size before relaxing)
 .eh_frame      0x000000000003bb9c        0x4 /usr/lib/gcc/x86_64-linux-gnu/11/crtendS.o
 *(.eh_frame.*)

.gcc_except_table
 *(.gcc_except_table .gcc_except_table.*)

.gnu_extab
 *(.gnu_extab*)

.exception_ranges
 *(.exception_ranges*)
                0x000000000003d6d0                . = DATA_SEGMENT_ALIGN (CONSTANT (MAXPAGESIZE), CONSTANT (COMMONPAGESIZE))

.eh_frame
 *(.eh_frame)
 *(.eh_frame.*)

.gnu_extab
 *(.gnu_extab)

.gcc_except_table
 *(.gcc_except_table .gcc_except_table.*)

.exception_ranges
 *(.exception_ranges*)

.tdata
 *(.tdata .tdata.* .gnu.linkonce.td.*)

.tbss
 *(.tbss .tbss.* .gnu.linkonce.tb.*)
 *(.tcommon)

.preinit_array
 *(.preinit_array)

.init_array     0x000000000003d6d0        0x8
 *(SORT_BY_INIT_PRIORITY(.init_array.*) SORT_BY_INIT_PRIORITY(.ctors.*))
 *(.init_array EXCLUDE_FILE(*crtend?.o *crtend.o *crtbegin?.o *crtbegin.o) .ctors)
 .init_array    0x000000000003d6d0        0x8 /usr/lib/gcc/x86_64-linux-gnu/11/crtbeginS.o

.fini_array     0x000000000003d6d8        0x8
 *(SORT_BY_INIT_PRIORITY(.fini_array.*) SORT_BY_INIT_PRIORITY(.dtors.*))
 *(.fini_array EXCLUDE_FILE(*crtend?.o *crtend.o *crtbegin?.o *crtbegin.o) .dtors)
 .fini_array    0x000000000003d6d8        0x8 /usr/lib/gcc/x86_64-linux-gnu/11/crtbeginS.o

.ctors
 *crtbegin.o(.ctors)
 *crtbegin?.o(.ctors)
 *(EXCLUDE_FILE(*crtend?.o *crtend.o) .ctors)
 *(SORT_BY_NAME(.ctors.*))
 *(.ctors)

.dtors
 *crtbegin.o(.dtors)
 *crtbegin?.o(.dtors)
 *(EXCLUDE_FILE(*crtend?.o *crtend.o) .dtors)
 *(SORT_BY_NAME(.dtors.*))
 *(.dtors)

.jcr
 *(.jcr)

.data.rel.ro    0x000000000003d6e0      0x350
 *(.data.rel.ro.local* .gnu.linkonce.d.rel.ro.local.*)
 .data.rel.ro.local
                0x000000000003d6e0       0x10 build/cooja/contiki-ng-cooja.a(beep.o)
                0x000000000003d6e0                beep_interface
 .data.rel.ro.local
                0x000000000003d6f0       0x10 build/cooja/contiki-ng-cooja.a(leds-arch.o)
                0x000000000003d6f0                leds_interface
 .data.rel.ro.local
                0x000000000003d700       0x10 build/cooja/contiki-ng-cooja.a(moteid.o)
                0x000000000003d700                moteid_interface
 *fill*         0x000000000003d710       0x10 
 .data.rel.ro.local
                0x000000000003d720       0x40 build/cooja/contiki-ng-cooja.a(pir-sensor.o)
                0x000000000003d720                pir_interface
                0x000000000003d740                pir_sensor
 .data.rel.ro.local
                0x000000000003d760       0x10 build/cooja/contiki-ng-cooja.a(rs232.o)
                0x000000000003d760                rs232_interface
 *fill*         0x000000000003d770       0x10 
 .data.rel.ro.local
                0x000000000003d780       0x40 build/cooja/contiki-ng-cooja.a(vib-sensor.o)
                0x000000000003d780                vib_interface
                0x000000000003d7a0                vib_sensor
 .data.rel.ro.local
                0x000000000003d7c0       0x10 build/cooja/contiki-ng-cooja.a(clock.o)
                0x000000000003d7c0                clock_interface
 .data.rel.ro.local
                0x000000000003d7d0       0x10 build/cooja/contiki-ng-cooja.a(cooja-log.o)
                0x000000000003d7d0                simlog_interface
 .data.rel.ro.local
                0x000000000003d7e0       0x10 build/cooja/contiki-ng-cooja.a(cfs-cooja.o)
                0x000000000003d7e0                cfs_interface
 *fill*         0x000000000003d7f0       0x10 
 .data.rel.ro.local
                0x000000000003d800       0x90 build/cooja/contiki-ng-cooja.a(cooja-radio.o)
                0x000000000003d800                radio_interface
                0x000000000003d820                cooja_radio_driver
 .data.rel.ro.local
                0x000000000003d890       0x10 build/cooja/contiki-ng-cooja.a(eeprom.o)
                0x000000000003d890                eeprom_interface
 .data.rel.ro.local
                0x000000000003d8a0       0x40 build/cooja/contiki-ng-cooja.a(buttons.o)
                0x000000000003d8a0                button_interface
                0x000000000003d8c0                button_sensor
 .data.rel.ro.local
                0x000000000003d8e0       0x38 build/cooja/contiki-ng-cooja.a(csma.o)
                0x000000000003d8e0                csma_driver
 *fill*         0x000000000003d918        0x8 
 .data.rel.ro.local
                0x000000000003d920       0x18 build/cooja/contiki-ng-cooja.a(framer-802154.o)
                0x000000000003d920                framer_802154
 *(.data.rel.ro .data.rel.ro.* .gnu.linkonce.d.rel.ro.*)
 .data.rel.ro   0x000000000003d938        0x0 /usr/lib/gcc/x86_64-linux-gnu/11/../../../x86_64-linux-gnu/crti.o
 *fill*         0x000000000003d938        0x8 
 .data.rel.ro   0x000000000003d940       0x10 tempSensor.o
                0x000000000003d940                autostart_processes
 *fill*         0x000000000003d950       0x10 
 .data.rel.ro   0x000000000003d960       0x20 build/cooja/contiki-ng-cooja.a(sicslowpan.o)
                0x000000000003d960                sicslowpan_driver
 .data.rel.ro   0x000000000003d980       0xa8 build/cooja/contiki-ng-cooja.a(rpl.o)
                0x000000000003d980                rpl_lite_driver
 .data.rel.ro   0x000000000003da28        0x8 build/cooja/contiki-ng-cooja.a(rpl-dag.o)

.dynamic        0x000000000003da30      0x1c0
 *(.dynamic)
 .dynamic       0x000000000003da30      0x1c0 /usr/lib/gcc/x86_64-linux-gnu/11/../../../x86_64-linux-gnu/crti.o
                0x000000000003da30                _DYNAMIC

.got            0x000000000003dbf0      0x3f8
 *(.got)
 .got           0x000000000003dbf0      0x3f8 /usr/lib/gcc/x86_64-linux-gnu/11/../../../x86_64-linux-gnu/crti.o
 *(.igot)
                0x000000000003dfe8                . = DATA_SEGMENT_RELRO_END (., (SIZEOF (.got.plt) >= 0x18)?0x18:0x0)

.got.plt        0x000000000003e000      0xbc8
 *(.got.plt)
 .got.plt       0x000000000003e000      0xbc8 /usr/lib/gcc/x86_64-linux-gnu/11/../../../x86_64-linux-gnu/crti.o
                0x000000000003e000                _GLOBAL_OFFSET_TABLE_
 *(.igot.plt)

.data           0x000000000003ebe0      0x812
 *(.data .data.* .gnu.linkonce.d.*)
 .data          0x000000000003ebe0        0x0 /usr/lib/gcc/x86_64-linux-gnu/11/../../../x86_64-linux-gnu/crti.o
 .data          0x000000000003ebe0        0x0 /usr/lib/gcc/x86_64-linux-gnu/11/crtbeginS.o
 .data.rel.local
                0x000000000003ebe0        0x8 /usr/lib/gcc/x86_64-linux-gnu/11/crtbeginS.o
                0x000000000003ebe0                __dso_handle
 .data          0x000000000003ebe8        0x4 tempSensor.o
                0x000000000003ebe8                subzone
 *fill*         0x000000000003ebec       0x14 
 .data.rel.local
                0x000000000003ec00       0x40 tempSensor.o
                0x000000000003ec20                tempRead
 .data          0x000000000003ec40        0x0 build/cooja/mtype821794474.o
 .data.rel      0x000000000003ec40       0xa0 build/cooja/mtype821794474.o
                0x000000000003ec40                simInterfaces
                0x000000000003ecc0                sensors
 .data          0x000000000003ece0        0x0 build/cooja/contiki-ng-cooja.a(simEnvChange.o)
 .data          0x000000000003ece0        0x0 build/cooja/contiki-ng-cooja.a(cooja_mt.o)
 .data          0x000000000003ece0        0x0 build/cooja/contiki-ng-cooja.a(cooja_mtarch.o)
 .data          0x000000000003ece0        0x0 build/cooja/contiki-ng-cooja.a(rtimer-arch.o)
 .data          0x000000000003ece0        0x0 build/cooja/contiki-ng-cooja.a(beep.o)
 .data          0x000000000003ece0        0x0 build/cooja/contiki-ng-cooja.a(leds-arch.o)
 .data          0x000000000003ece0        0x0 build/cooja/contiki-ng-cooja.a(moteid.o)
 .data          0x000000000003ece0        0x0 build/cooja/contiki-ng-cooja.a(pir-sensor.o)
 .data          0x000000000003ece0        0x0 build/cooja/contiki-ng-cooja.a(rs232.o)
 .data          0x000000000003ece0        0x0 build/cooja/contiki-ng-cooja.a(vib-sensor.o)
 .data          0x000000000003ece0        0x0 build/cooja/contiki-ng-cooja.a(clock.o)
 .data          0x000000000003ece0        0x0 build/cooja/contiki-ng-cooja.a(cooja-log.o)
 .data          0x000000000003ece0        0x0 build/cooja/contiki-ng-cooja.a(cfs-cooja.o)
 .data          0x000000000003ece0       0x20 build/cooja/contiki-ng-cooja.a(cooja-radio.o)
                0x000000000003ece0                simRadioHWOn
                0x000000000003ece4                simSignalStrength
                0x000000000003ece8                simLastSignalStrength
                0x000000000003ecec                simPower
                0x000000000003ecf0                simRadioChannel
                0x000000000003ecf4                simLQI
                0x000000000003ecf8                simLastLQI
 .data.rel.local
                0x000000000003ed00       0x20 build/cooja/contiki-ng-cooja.a(cooja-radio.o)
                0x000000000003ed00                cooja_radio_process
 .data          0x000000000003ed20        0x0 build/cooja/contiki-ng-cooja.a(eeprom.o)
 .data          0x000000000003ed20        0x0 build/cooja/contiki-ng-cooja.a(random.o)
 .data          0x000000000003ed20        0x0 build/cooja/contiki-ng-cooja.a(sensors.o)
 .data.rel.local
                0x000000000003ed20       0x20 build/cooja/contiki-ng-cooja.a(sensors.o)
                0x000000000003ed20                sensors_process
 .data          0x000000000003ed40        0x0 build/cooja/contiki-ng-cooja.a(leds.o)
 .data          0x000000000003ed40        0x0 build/cooja/contiki-ng-cooja.a(gpio-hal-arch.o)
 .data          0x000000000003ed40        0x1 build/cooja/contiki-ng-cooja.a(buttons.o)
                0x000000000003ed40                simButtonIsActive
 *fill*         0x000000000003ed41       0x1f 
 .data.rel.local
                0x000000000003ed60       0xb0 build/cooja/contiki-ng-cooja.a(buttons.o)
                0x000000000003ee00                button_hal_buttons
 .data          0x000000000003ee10        0x0 build/cooja/contiki-ng-cooja.a(mqtt.o)
 *fill*         0x000000000003ee10       0x10 
 .data.rel.local
                0x000000000003ee20       0x40 build/cooja/contiki-ng-cooja.a(mqtt.o)
                0x000000000003ee40                mqtt_process
 .data          0x000000000003ee60        0x0 build/cooja/contiki-ng-cooja.a(contiki-main.o)
 .data          0x000000000003ee60        0x0 build/cooja/contiki-ng-cooja.a(autostart.o)
 .data          0x000000000003ee60        0x0 build/cooja/contiki-ng-cooja.a(ctimer.o)
 .data.rel.local
                0x000000000003ee60       0x40 build/cooja/contiki-ng-cooja.a(ctimer.o)
                0x000000000003ee80                ctimer_process
 .data          0x000000000003eea0        0x0 build/cooja/contiki-ng-cooja.a(energest.o)
 .data          0x000000000003eea0        0x0 build/cooja/contiki-ng-cooja.a(etimer.o)
 .data.rel.local
                0x000000000003eea0       0x20 build/cooja/contiki-ng-cooja.a(etimer.o)
                0x000000000003eea0                etimer_process
 .data          0x000000000003eec0        0x4 build/cooja/contiki-ng-cooja.a(log.o)
                0x000000000003eec0                curr_log_level_main
 *fill*         0x000000000003eec4       0x1c 
 .data.rel      0x000000000003eee0      0x138 build/cooja/contiki-ng-cooja.a(log.o)
                0x000000000003eee0                all_modules
 .data          0x000000000003f018        0x0 build/cooja/contiki-ng-cooja.a(node-id.o)
 .data          0x000000000003f018        0x0 build/cooja/contiki-ng-cooja.a(process.o)
 .data          0x000000000003f018        0x0 build/cooja/contiki-ng-cooja.a(rtimer.o)
 .data          0x000000000003f018        0x0 build/cooja/contiki-ng-cooja.a(timer.o)
 .data          0x000000000003f018        0x0 build/cooja/contiki-ng-cooja.a(list.o)
 .data          0x000000000003f018        0x0 build/cooja/contiki-ng-cooja.a(button-hal.o)
 *fill*         0x000000000003f018        0x8 
 .data.rel.local
                0x000000000003f020       0x20 build/cooja/contiki-ng-cooja.a(button-hal.o)
                0x000000000003f020                button_hal_process
 .data          0x000000000003f040        0x0 build/cooja/contiki-ng-cooja.a(gpio-hal.o)
 .data.rel.local
                0x000000000003f040        0x8 build/cooja/contiki-ng-cooja.a(gpio-hal.o)
 .data          0x000000000003f048        0x0 build/cooja/contiki-ng-cooja.a(serial-line.o)
 *fill*         0x000000000003f048       0x18 
 .data.rel.local
                0x000000000003f060       0x20 build/cooja/contiki-ng-cooja.a(serial-line.o)
                0x000000000003f060                serial_line_process
 .data          0x000000000003f080        0x0 build/cooja/contiki-ng-cooja.a(linkaddr.o)
 .data          0x000000000003f080        0x0 build/cooja/contiki-ng-cooja.a(netstack.o)
 .data.rel.local
                0x000000000003f080        0x8 build/cooja/contiki-ng-cooja.a(netstack.o)
 .data          0x000000000003f088        0x0 build/cooja/contiki-ng-cooja.a(packetbuf.o)
 .data.rel.local
                0x000000000003f088        0x8 build/cooja/contiki-ng-cooja.a(packetbuf.o)
 .data          0x000000000003f090        0x0 build/cooja/contiki-ng-cooja.a(queuebuf.o)
 .data.rel.local
                0x000000000003f090       0x38 build/cooja/contiki-ng-cooja.a(queuebuf.o)
 .data          0x000000000003f0c8        0x0 build/cooja/contiki-ng-cooja.a(printf.o)
 *fill*         0x000000000003f0c8        0x8 
 .data.rel.local
                0x000000000003f0d0       0x10 build/cooja/contiki-ng-cooja.a(printf.o)
 .data          0x000000000003f0e0        0x0 build/cooja/contiki-ng-cooja.a(putchar.o)
 .data          0x000000000003f0e0        0x0 build/cooja/contiki-ng-cooja.a(puts.o)
 .data          0x000000000003f0e0        0x0 build/cooja/contiki-ng-cooja.a(snprintf.o)
 .data          0x000000000003f0e0        0x0 build/cooja/contiki-ng-cooja.a(sprintf.o)
 .data          0x000000000003f0e0        0x0 build/cooja/contiki-ng-cooja.a(strformat.o)
 .data          0x000000000003f0e0        0x0 build/cooja/contiki-ng-cooja.a(csma.o)
 .data          0x000000000003f0e0        0x0 build/cooja/contiki-ng-cooja.a(sicslowpan.o)
 .data          0x000000000003f0e0        0x0 build/cooja/contiki-ng-cooja.a(tcp-socket.o)
 .data.rel.local
                0x000000000003f0e0       0x40 build/cooja/contiki-ng-cooja.a(tcp-socket.o)
                0x000000000003f100                tcp_socket_process
 .data          0x000000000003f120        0x0 build/cooja/contiki-ng-cooja.a(tcpip.o)
 .data.rel.local
                0x000000000003f120       0x20 build/cooja/contiki-ng-cooja.a(tcpip.o)
                0x000000000003f120                tcpip_process
 .data          0x000000000003f140        0x0 build/cooja/contiki-ng-cooja.a(uip-ds6-nbr.o)
 .data.rel.local
                0x000000000003f140       0x20 build/cooja/contiki-ng-cooja.a(uip-ds6-nbr.o)
 .data          0x000000000003f160        0x0 build/cooja/contiki-ng-cooja.a(uip-ds6-route.o)
 .data.rel.local
                0x000000000003f160       0x28 build/cooja/contiki-ng-cooja.a(uip-ds6-route.o)
 .data          0x000000000003f188        0x0 build/cooja/contiki-ng-cooja.a(uip-ds6.o)
 .data          0x000000000003f188        0x0 build/cooja/contiki-ng-cooja.a(uip-packetqueue.o)
 *fill*         0x000000000003f188        0x8 
 .data.rel.local
                0x000000000003f190       0x18 build/cooja/contiki-ng-cooja.a(uip-packetqueue.o)
 .data          0x000000000003f1a8        0x0 build/cooja/contiki-ng-cooja.a(uip6.o)
 .data          0x000000000003f1a8        0x0 build/cooja/contiki-ng-cooja.a(uipbuf.o)
 .data          0x000000000003f1a8        0x0 build/cooja/contiki-ng-cooja.a(uiplib.o)
 .data          0x000000000003f1a8        0x0 build/cooja/contiki-ng-cooja.a(rpl.o)
 .data          0x000000000003f1a8        0x0 build/cooja/contiki-ng-cooja.a(watchdog.o)
 .data          0x000000000003f1a8        0x0 build/cooja/contiki-ng-cooja.a(int-master.o)
 .data          0x000000000003f1a8        0x0 build/cooja/contiki-ng-cooja.a(stimer.o)
 .data          0x000000000003f1a8        0x0 build/cooja/contiki-ng-cooja.a(memb.o)
 .data          0x000000000003f1a8        0x0 build/cooja/contiki-ng-cooja.a(ringbuf.o)
 .data          0x000000000003f1a8        0x0 build/cooja/contiki-ng-cooja.a(link-stats.o)
 *fill*         0x000000000003f1a8        0x8 
 .data.rel.local
                0x000000000003f1b0       0x20 build/cooja/contiki-ng-cooja.a(link-stats.o)
 .data          0x000000000003f1d0        0x0 build/cooja/contiki-ng-cooja.a(nbr-table.o)
 .data.rel.local
                0x000000000003f1d0       0x20 build/cooja/contiki-ng-cooja.a(nbr-table.o)
 .data          0x000000000003f1f0        0x0 build/cooja/contiki-ng-cooja.a(mac-sequence.o)
 .data          0x000000000003f1f0        0x0 build/cooja/contiki-ng-cooja.a(framer-802154.o)
 .data          0x000000000003f1f0        0x0 build/cooja/contiki-ng-cooja.a(csma-output.o)
 .data.rel.local
                0x000000000003f1f0       0x60 build/cooja/contiki-ng-cooja.a(csma-output.o)
 .data          0x000000000003f250        0x0 build/cooja/contiki-ng-cooja.a(csma-security.o)
 .data          0x000000000003f250        0x0 build/cooja/contiki-ng-cooja.a(uip-icmp6.o)
 .data.rel.local
                0x000000000003f250       0x48 build/cooja/contiki-ng-cooja.a(uip-icmp6.o)
 .data          0x000000000003f298        0x0 build/cooja/contiki-ng-cooja.a(uip-nd6.o)
 *fill*         0x000000000003f298        0x8 
 .data.rel.local
                0x000000000003f2a0       0x18 build/cooja/contiki-ng-cooja.a(uip-nd6.o)
 .data          0x000000000003f2b8        0x0 build/cooja/contiki-ng-cooja.a(uip-sr.o)
 *fill*         0x000000000003f2b8        0x8 
 .data.rel.local
                0x000000000003f2c0       0x28 build/cooja/contiki-ng-cooja.a(uip-sr.o)
 .data          0x000000000003f2e8        0x0 build/cooja/contiki-ng-cooja.a(rpl-dag-root.o)
 .data          0x000000000003f2e8        0x0 build/cooja/contiki-ng-cooja.a(rpl-dag.o)
 .data          0x000000000003f2e8        0x0 build/cooja/contiki-ng-cooja.a(rpl-ext-header.o)
 .data          0x000000000003f2e8        0x0 build/cooja/contiki-ng-cooja.a(rpl-icmp6.o)
 *fill*         0x000000000003f2e8        0x8 
 .data.rel.local
                0x000000000003f2f0       0x78 build/cooja/contiki-ng-cooja.a(rpl-icmp6.o)
 .data          0x000000000003f368        0x0 build/cooja/contiki-ng-cooja.a(rpl-mrhof.o)
 *fill*         0x000000000003f368       0x18 
 .data.rel.local
                0x000000000003f380       0x48 build/cooja/contiki-ng-cooja.a(rpl-mrhof.o)
                0x000000000003f380                rpl_mrhof
 .data          0x000000000003f3c8        0x0 build/cooja/contiki-ng-cooja.a(rpl-nbr-policy.o)
 .data          0x000000000003f3c8        0x0 build/cooja/contiki-ng-cooja.a(rpl-neighbor.o)
 *fill*         0x000000000003f3c8        0x8 
 .data.rel.local
                0x000000000003f3d0       0x20 build/cooja/contiki-ng-cooja.a(rpl-neighbor.o)
                0x000000000003f3e8                rpl_neighbors
 .data          0x000000000003f3f0        0x0 build/cooja/contiki-ng-cooja.a(rpl-timers.o)
 .data          0x000000000003f3f0        0x0 build/cooja/contiki-ng-cooja.a(assert.o)
 .data          0x000000000003f3f0        0x0 build/cooja/contiki-ng-cooja.a(mac.o)
 .data          0x000000000003f3f0        0x2 build/cooja/contiki-ng-cooja.a(frame802154.o)
 .data          0x000000000003f3f2        0x0 /usr/lib/gcc/x86_64-linux-gnu/11/crtendS.o
 .data          0x000000000003f3f2        0x0 /usr/lib/gcc/x86_64-linux-gnu/11/../../../x86_64-linux-gnu/crtn.o

.tm_clone_table
                0x000000000003f3f8        0x0
 .tm_clone_table
                0x000000000003f3f8        0x0 /usr/lib/gcc/x86_64-linux-gnu/11/crtbeginS.o
 .tm_clone_table
                0x000000000003f3f8        0x0 /usr/lib/gcc/x86_64-linux-gnu/11/crtendS.o

.data1
 *(.data1)
                [!provide]                        PROVIDE (_edata = .)
                [!provide]                        PROVIDE (edata = .)
                0x000000000003f3f8                . = .
                [!provide]                        PROVIDE (__bss_start = .)

.bss            0x000000000003f400    0x18260
 *(.dynbss)
 .dynbss        0x000000000003f400        0x0 /usr/lib/gcc/x86_64-linux-gnu/11/../../../x86_64-linux-gnu/crti.o
 *(.bss .bss.* .gnu.linkonce.b.*)
 .bss           0x000000000003f400        0x0 /usr/lib/gcc/x86_64-linux-gnu/11/../../../x86_64-linux-gnu/crti.o
 .bss           0x000000000003f400        0x1 /usr/lib/gcc/x86_64-linux-gnu/11/crtbeginS.o
 *fill*         0x000000000003f401       0x1f 
 .bss           0x000000000003f420      0xba4 tempSensor.o
 *fill*         0x000000000003ffc4       0x1c 
 .bss           0x000000000003ffe0     0x4060 build/cooja/mtype821794474.o
                0x000000000003ffe0                sensors_flags
                0x000000000003ffe8                referenceVar
 .bss           0x0000000000044040       0x18 build/cooja/contiki-ng-cooja.a(simEnvChange.o)
                0x0000000000044040                simDontFallAsleep
                0x0000000000044044                simProcessRunValue
                0x0000000000044048                simEtimerPending
                0x0000000000044050                simEtimerNextExpirationTime
 .bss           0x0000000000044058        0x8 build/cooja/contiki-ng-cooja.a(cooja_mt.o)
 .bss           0x0000000000044060        0x8 build/cooja/contiki-ng-cooja.a(cooja_mtarch.o)
 .bss           0x0000000000044068       0x18 build/cooja/contiki-ng-cooja.a(rtimer-arch.o)
                0x0000000000044068                simRtimerPending
                0x0000000000044070                simRtimerNextExpirationTime
                0x0000000000044078                simRtimerCurrentTicks
 .bss           0x0000000000044080        0x1 build/cooja/contiki-ng-cooja.a(beep.o)
                0x0000000000044080                simBeeped
 .bss           0x0000000000044081        0x1 build/cooja/contiki-ng-cooja.a(leds-arch.o)
                0x0000000000044081                simLedsValue
 *fill*         0x0000000000044082        0x2 
 .bss           0x0000000000044084        0xc build/cooja/contiki-ng-cooja.a(moteid.o)
                0x0000000000044084                simMoteID
                0x0000000000044088                simMoteIDChanged
                0x000000000004408c                simRandomSeed
 .bss           0x0000000000044090        0x3 build/cooja/contiki-ng-cooja.a(pir-sensor.o)
                0x0000000000044090                simPirChanged
                0x0000000000044091                simPirIsActive
                0x0000000000044092                simPirValue
 *fill*         0x0000000000044093        0xd 
 .bss           0x00000000000440a0      0x810 build/cooja/contiki-ng-cooja.a(rs232.o)
                0x00000000000440a0                simSerialReceivingData
                0x00000000000448a0                simSerialReceivingLength
                0x00000000000448a4                simSerialReceivingFlag
 .bss           0x00000000000448b0        0x3 build/cooja/contiki-ng-cooja.a(vib-sensor.o)
                0x00000000000448b0                simVibChanged
                0x00000000000448b1                simVibIsActive
                0x00000000000448b2                simVibValue
 *fill*         0x00000000000448b3        0x5 
 .bss           0x00000000000448b8        0x8 build/cooja/contiki-ng-cooja.a(clock.o)
                0x00000000000448b8                simCurrentTime
 .bss           0x00000000000448c0     0x200d build/cooja/contiki-ng-cooja.a(cooja-log.o)
                0x00000000000448c0                simLoggedData
                0x00000000000468c0                simLoggedLength
                0x00000000000468c4                simLoggedFlag
 *fill*         0x00000000000468cd       0x13 
 .bss           0x00000000000468e0      0xfc0 build/cooja/contiki-ng-cooja.a(cfs-cooja.o)
                0x00000000000468e0                simCFSData
                0x0000000000047880                simCFSSize
                0x0000000000047884                simCFSChanged
                0x0000000000047888                simCFSRead
                0x000000000004788c                simCFSWritten
 .bss           0x00000000000478a0      0x15c build/cooja/contiki-ng-cooja.a(cooja-radio.o)
                0x00000000000478a0                simReceiving
                0x00000000000478c0                simInDataBuffer
                0x0000000000047940                simInSize
                0x0000000000047948                simLastPacketTimestamp
                0x0000000000047960                simOutDataBuffer
                0x00000000000479e0                simOutSize
 *fill*         0x00000000000479fc        0x4 
 .bss           0x0000000000047a00      0x40c build/cooja/contiki-ng-cooja.a(eeprom.o)
                0x0000000000047a00                simEEPROMData
                0x0000000000047e00                simEEPROMChanged
                0x0000000000047e04                simEEPROMRead
                0x0000000000047e08                simEEPROMWritten
 .bss           0x0000000000047e0c        0x0 build/cooja/contiki-ng-cooja.a(random.o)
 .bss           0x0000000000047e0c        0xc build/cooja/contiki-ng-cooja.a(sensors.o)
                0x0000000000047e0c                sensors_event
 .bss           0x0000000000047e18        0x0 build/cooja/contiki-ng-cooja.a(leds.o)
 *fill*         0x0000000000047e18        0x8 
 .bss           0x0000000000047e20       0x40 build/cooja/contiki-ng-cooja.a(gpio-hal-arch.o)
 .bss           0x0000000000047e60        0x2 build/cooja/contiki-ng-cooja.a(buttons.o)
                0x0000000000047e60                simButtonChanged
                0x0000000000047e61                simButtonIsDown
 *fill*         0x0000000000047e62        0x6 
 .bss           0x0000000000047e68       0x21 build/cooja/contiki-ng-cooja.a(mqtt.o)